This is pdfTeX, Version 3.141592653-2.6-1.40.29 (TeX Live 2026) (preloaded format=pdflatex 2026.4.18)  25 MAY 2026 16:01
entering extended mode
 restricted \write18 enabled.
 file:line:error style messages enabled.
 %&-line parsing enabled.
**"/Users/mattia/Desktop/magistrale/2 semestre/Reinforcement-Learning-exam/SLIDES/QSG-RM.tex"
(/Users/mattia/Desktop/magistrale/2 semestre/Reinforcement-Learning-exam/SLIDES/QSG-RM.tex
LaTeX2e <2025-11-01>
L3 programming layer <2026-01-19>
(/usr/local/texlive/2026/texmf-dist/tex/latex/beamer/beamer.cls
Document Class: beamer 2026/01/22 v3.77 A class for typesetting presentations
(/usr/local/texlive/2026/texmf-dist/tex/latex/beamer/beamerbasemodes.sty (/usr/local/texlive/2026/texmf-dist/tex/latex/etoolbox/etoolbox.sty
Package: etoolbox 2025/10/02 v2.5m e-TeX tools for LaTeX (JAW)
\etb@tempcnta=\count275
)
\beamer@tempbox=\box53
\beamer@tempcount=\count276
\c@beamerpauses=\count277
 (/usr/local/texlive/2026/texmf-dist/tex/latex/beamer/beamerbasedecode.sty
\beamer@slideinframe=\count278
\beamer@minimum=\count279
\beamer@decode@box=\box54
)
\beamer@commentbox=\box55
\beamer@modecount=\count280
) (/usr/local/texlive/2026/texmf-dist/tex/generic/iftex/iftex.sty
Package: iftex 2024/12/12 v1.0g TeX engine tests
)
\headdp=\dimen148
\footheight=\dimen149
\sidebarheight=\dimen150
\beamer@tempdim=\dimen151
\beamer@finalheight=\dimen152
\beamer@animht=\dimen153
\beamer@animdp=\dimen154
\beamer@animwd=\dimen155
\beamer@leftmargin=\dimen156
\beamer@rightmargin=\dimen157
\beamer@leftsidebar=\dimen158
\beamer@rightsidebar=\dimen159
\beamer@boxsize=\dimen160
\beamer@vboxoffset=\dimen161
\beamer@descdefault=\dimen162
\beamer@descriptionwidth=\dimen163
\beamer@lastskip=\skip49
\beamer@areabox=\box56
\beamer@animcurrent=\box57
\beamer@animshowbox=\box58
\beamer@sectionbox=\box59
\beamer@logobox=\box60
\beamer@linebox=\box61
\beamer@sectioncount=\count281
\beamer@subsubsectionmax=\count282
\beamer@subsectionmax=\count283
\beamer@sectionmax=\count284
\beamer@totalheads=\count285
\beamer@headcounter=\count286
\beamer@partstartpage=\count287
\beamer@sectionstartpage=\count288
\beamer@subsectionstartpage=\count289
\beamer@animationtempa=\count290
\beamer@animationtempb=\count291
\beamer@xpos=\count292
\beamer@ypos=\count293
\beamer@ypos@offset=\count294
\beamer@showpartnumber=\count295
\beamer@currentsubsection=\count296
\beamer@coveringdepth=\count297
\beamer@sectionadjust=\count298
\beamer@toclastsection=\count299
\beamer@tocsectionnumber=\count300
 (/usr/local/texlive/2026/texmf-dist/tex/latex/beamer/beamerbaseoptions.sty (/usr/local/texlive/2026/texmf-dist/tex/latex/graphics/keyval.sty
Package: keyval 2022/05/29 v1.15 key=value parser (DPC)
\KV@toks@=\toks17
))
\beamer@paperwidth=\skip50
\beamer@paperheight=\skip51
 (/usr/local/texlive/2026/texmf-dist/tex/latex/geometry/geometry.sty
Package: geometry 2026/03/07 v6.0 Page Geometry
 (/usr/local/texlive/2026/texmf-dist/tex/generic/iftex/ifvtex.sty
Package: ifvtex 2019/10/25 v1.7 ifvtex legacy package. Use iftex instead.
)
\Gm@cnth=\count301
\Gm@cntv=\count302
\c@Gm@tempcnt=\count303
\Gm@bindingoffset=\dimen164
\Gm@wd@mp=\dimen165
\Gm@odd@mp=\dimen166
\Gm@even@mp=\dimen167
\Gm@layoutwidth=\dimen168
\Gm@layoutheight=\dimen169
\Gm@layouthoffset=\dimen170
\Gm@layoutvoffset=\dimen171
\Gm@dimlist=\toks18
) (/usr/local/texlive/2026/texmf-dist/tex/latex/pgf/math/pgfmath.sty (/usr/local/texlive/2026/texmf-dist/tex/latex/pgf/utilities/pgfrcs.sty (/usr/local/texlive/2026/texmf-dist/tex/generic/pgf/utilities/pgfutil-common.tex
\pgfutil@everybye=\toks19
\pgfutil@tempdima=\dimen172
\pgfutil@tempdimb=\dimen173
) (/usr/local/texlive/2026/texmf-dist/tex/generic/pgf/utilities/pgfutil-latex.def
\pgfutil@abb=\box62
) (/usr/local/texlive/2026/texmf-dist/tex/generic/pgf/utilities/pgfrcs.code.tex (/usr/local/texlive/2026/texmf-dist/tex/generic/pgf/pgf.revision.tex)
Package: pgfrcs 2025-08-29 v3.1.11a (3.1.11a)
)) (/usr/local/texlive/2026/texmf-dist/tex/latex/pgf/utilities/pgfkeys.sty (/usr/local/texlive/2026/texmf-dist/tex/generic/pgf/utilities/pgfkeys.code.tex
\pgfkeys@pathtoks=\toks20
\pgfkeys@temptoks=\toks21
 (/usr/local/texlive/2026/texmf-dist/tex/generic/pgf/utilities/pgfkeyslibraryfiltered.code.tex
\pgfkeys@tmptoks=\toks22
))) (/usr/local/texlive/2026/texmf-dist/tex/generic/pgf/math/pgfmath.code.tex (/usr/local/texlive/2026/texmf-dist/tex/generic/pgf/math/pgfmathutil.code.tex
\pgf@x=\dimen174
\pgf@xa=\dimen175
\pgf@xb=\dimen176
\pgf@xc=\dimen177
\pgf@y=\dimen178
\pgf@ya=\dimen179
\pgf@yb=\dimen180
\pgf@yc=\dimen181
\c@pgf@counta=\count304
\c@pgf@countb=\count305
\c@pgf@countc=\count306
\c@pgf@countd=\count307
) (/usr/local/texlive/2026/texmf-dist/tex/generic/pgf/math/pgfmathparser.code.tex
\pgfmath@dimen=\dimen182
\pgfmath@count=\count308
\pgfmath@box=\box63
\pgfmath@toks=\toks23
\pgfmath@stack@operand=\toks24
\pgfmath@stack@operation=\toks25
) (/usr/local/texlive/2026/texmf-dist/tex/generic/pgf/math/pgfmathfunctions.code.tex) (/usr/local/texlive/2026/texmf-dist/tex/generic/pgf/math/pgfmathfunctions.basic.code.tex) (/usr/local/texlive/2026/texmf-dist/tex/generic/pgf/math/pgfmathfunctions.trigonometric.code.tex) (/usr/local/texlive/2026/texmf-dist/tex/generic/pgf/math/pgfmathfunctions.random.code.tex) (/usr/local/texlive/2026/texmf-dist/tex/generic/pgf/math/pgfmathfunctions.comparison.code.tex) (/usr/local/texlive/2026/texmf-dist/tex/generic/pgf/math/pgfmathfunctions.base.code.tex) (/usr/local/texlive/2026/texmf-dist/tex/generic/pgf/math/pgfmathfunctions.round.code.tex) (/usr/local/texlive/2026/texmf-dist/tex/generic/pgf/math/pgfmathfunctions.misc.code.tex) (/usr/local/texlive/2026/texmf-dist/tex/generic/pgf/math/pgfmathfunctions.integerarithmetics.code.tex) (/usr/local/texlive/2026/texmf-dist/tex/generic/pgf/math/pgfmathcalc.code.tex) (/usr/local/texlive/2026/texmf-dist/tex/generic/pgf/math/pgfmathfloat.code.tex
\c@pgfmathroundto@lastzeros=\count309
))) (/usr/local/texlive/2026/texmf-dist/tex/latex/base/size10.clo
File: size10.clo 2025/01/22 v1.4n Standard LaTeX file (size option)
) (/usr/local/texlive/2026/texmf-dist/tex/latex/pgf/basiclayer/pgfcore.sty (/usr/local/texlive/2026/texmf-dist/tex/latex/graphics/graphicx.sty
Package: graphicx 2024/12/31 v1.2e Enhanced LaTeX Graphics (DPC,SPQR)
 (/usr/local/texlive/2026/texmf-dist/tex/latex/graphics/graphics.sty
Package: graphics 2024/08/06 v1.4g Standard LaTeX Graphics (DPC,SPQR)
 (/usr/local/texlive/2026/texmf-dist/tex/latex/graphics/trig.sty
Package: trig 2023/12/02 v1.11 sin cos tan (DPC)
) (/usr/local/texlive/2026/texmf-dist/tex/latex/graphics-cfg/graphics.cfg
File: graphics.cfg 2016/06/04 v1.11 sample graphics configuration
)
Package graphics Info: Driver file: pdftex.def on input line 106.
 (/usr/local/texlive/2026/texmf-dist/tex/latex/graphics-def/pdftex.def
File: pdftex.def 2025/09/29 v1.2d Graphics/color driver for pdftex
))
\Gin@req@height=\dimen183
\Gin@req@width=\dimen184
) (/usr/local/texlive/2026/texmf-dist/tex/latex/pgf/systemlayer/pgfsys.sty (/usr/local/texlive/2026/texmf-dist/tex/generic/pgf/systemlayer/pgfsys.code.tex
Package: pgfsys 2025-08-29 v3.1.11a (3.1.11a)
\pgf@x=\dimen185
\pgf@y=\dimen186
\pgf@xa=\dimen187
\pgf@ya=\dimen188
\pgf@xb=\dimen189
\pgf@yb=\dimen190
\pgf@xc=\dimen191
\pgf@yc=\dimen192
\pgf@xd=\dimen193
\pgf@yd=\dimen194
\w@pgf@writea=\write3
\r@pgf@reada=\read2
\c@pgf@counta=\count310
\c@pgf@countb=\count311
\c@pgf@countc=\count312
\c@pgf@countd=\count313
\t@pgf@toka=\toks26
\t@pgf@tokb=\toks27
\t@pgf@tokc=\toks28
\pgf@sys@id@count=\count314
 (/usr/local/texlive/2026/texmf-dist/tex/generic/pgf/systemlayer/pgf.cfg
File: pgf.cfg 2025-08-29 v3.1.11a (3.1.11a)
)
Driver file for pgf: pgfsys-pdftex.def
 (/usr/local/texlive/2026/texmf-dist/tex/generic/pgf/systemlayer/pgfsys-pdftex.def
File: pgfsys-pdftex.def 2025-08-29 v3.1.11a (3.1.11a)
 (/usr/local/texlive/2026/texmf-dist/tex/generic/pgf/systemlayer/pgfsys-common-pdf.def
File: pgfsys-common-pdf.def 2025-08-29 v3.1.11a (3.1.11a)
))) (/usr/local/texlive/2026/texmf-dist/tex/generic/pgf/systemlayer/pgfsyssoftpath.code.tex
File: pgfsyssoftpath.code.tex 2025-08-29 v3.1.11a (3.1.11a)
\pgfsyssoftpath@smallbuffer@items=\count315
\pgfsyssoftpath@bigbuffer@items=\count316
) (/usr/local/texlive/2026/texmf-dist/tex/generic/pgf/systemlayer/pgfsysprotocol.code.tex
File: pgfsysprotocol.code.tex 2025-08-29 v3.1.11a (3.1.11a)
)) (/usr/local/texlive/2026/texmf-dist/tex/latex/xcolor/xcolor.sty
Package: xcolor 2024/09/29 v3.02 LaTeX color extensions (UK)
 (/usr/local/texlive/2026/texmf-dist/tex/latex/graphics-cfg/color.cfg
File: color.cfg 2016/01/02 v1.6 sample color configuration
)
Package xcolor Info: Driver file: pdftex.def on input line 274.
 (/usr/local/texlive/2026/texmf-dist/tex/latex/graphics/mathcolor.ltx)
Package xcolor Info: Model `cmy' substituted by `cmy0' on input line 1349.
Package xcolor Info: Model `hsb' substituted by `rgb' on input line 1353.
Package xcolor Info: Model `RGB' extended on input line 1365.
Package xcolor Info: Model `HTML' substituted by `rgb' on input line 1367.
Package xcolor Info: Model `Hsb' substituted by `hsb' on input line 1368.
Package xcolor Info: Model `tHsb' substituted by `hsb' on input line 1369.
Package xcolor Info: Model `HSB' substituted by `hsb' on input line 1370.
Package xcolor Info: Model `Gray' substituted by `gray' on input line 1371.
Package xcolor Info: Model `wave' substituted by `hsb' on input line 1372.
) (/usr/local/texlive/2026/texmf-dist/tex/generic/pgf/basiclayer/pgfcore.code.tex
Package: pgfcore 2025-08-29 v3.1.11a (3.1.11a)
 (/usr/local/texlive/2026/texmf-dist/tex/generic/pgf/math/pgfint.code.tex) (/usr/local/texlive/2026/texmf-dist/tex/generic/pgf/basiclayer/pgfcorepoints.code.tex
File: pgfcorepoints.code.tex 2025-08-29 v3.1.11a (3.1.11a)
\pgf@picminx=\dimen195
\pgf@picmaxx=\dimen196
\pgf@picminy=\dimen197
\pgf@picmaxy=\dimen198
\pgf@pathminx=\dimen199
\pgf@pathmaxx=\dimen256
\pgf@pathminy=\dimen257
\pgf@pathmaxy=\dimen258
\pgf@xx=\dimen259
\pgf@xy=\dimen260
\pgf@yx=\dimen261
\pgf@yy=\dimen262
\pgf@zx=\dimen263
\pgf@zy=\dimen264
) (/usr/local/texlive/2026/texmf-dist/tex/generic/pgf/basiclayer/pgfcorepathconstruct.code.tex
File: pgfcorepathconstruct.code.tex 2025-08-29 v3.1.11a (3.1.11a)
\pgf@path@lastx=\dimen265
\pgf@path@lasty=\dimen266
) (/usr/local/texlive/2026/texmf-dist/tex/generic/pgf/basiclayer/pgfcorepathusage.code.tex
File: pgfcorepathusage.code.tex 2025-08-29 v3.1.11a (3.1.11a)
\pgf@shorten@end@additional=\dimen267
\pgf@shorten@start@additional=\dimen268
) (/usr/local/texlive/2026/texmf-dist/tex/generic/pgf/basiclayer/pgfcorescopes.code.tex
File: pgfcorescopes.code.tex 2025-08-29 v3.1.11a (3.1.11a)
\pgfpic=\box64
\pgf@hbox=\box65
\pgf@layerbox@main=\box66
\pgf@picture@serial@count=\count317
) (/usr/local/texlive/2026/texmf-dist/tex/generic/pgf/basiclayer/pgfcoregraphicstate.code.tex
File: pgfcoregraphicstate.code.tex 2025-08-29 v3.1.11a (3.1.11a)
\pgflinewidth=\dimen269
) (/usr/local/texlive/2026/texmf-dist/tex/generic/pgf/basiclayer/pgfcoretransformations.code.tex
File: pgfcoretransformations.code.tex 2025-08-29 v3.1.11a (3.1.11a)
\pgf@pt@x=\dimen270
\pgf@pt@y=\dimen271
\pgf@pt@temp=\dimen272
) (/usr/local/texlive/2026/texmf-dist/tex/generic/pgf/basiclayer/pgfcorequick.code.tex
File: pgfcorequick.code.tex 2025-08-29 v3.1.11a (3.1.11a)
) (/usr/local/texlive/2026/texmf-dist/tex/generic/pgf/basiclayer/pgfcoreobjects.code.tex
File: pgfcoreobjects.code.tex 2025-08-29 v3.1.11a (3.1.11a)
) (/usr/local/texlive/2026/texmf-dist/tex/generic/pgf/basiclayer/pgfcorepathprocessing.code.tex
File: pgfcorepathprocessing.code.tex 2025-08-29 v3.1.11a (3.1.11a)
) (/usr/local/texlive/2026/texmf-dist/tex/generic/pgf/basiclayer/pgfcorearrows.code.tex
File: pgfcorearrows.code.tex 2025-08-29 v3.1.11a (3.1.11a)
\pgfarrowsep=\dimen273
) (/usr/local/texlive/2026/texmf-dist/tex/generic/pgf/basiclayer/pgfcoreshade.code.tex
File: pgfcoreshade.code.tex 2025-08-29 v3.1.11a (3.1.11a)
\pgf@max=\dimen274
\pgf@sys@shading@range@num=\count318
\pgf@shadingcount=\count319
) (/usr/local/texlive/2026/texmf-dist/tex/generic/pgf/basiclayer/pgfcoreimage.code.tex
File: pgfcoreimage.code.tex 2025-08-29 v3.1.11a (3.1.11a)
) (/usr/local/texlive/2026/texmf-dist/tex/generic/pgf/basiclayer/pgfcoreexternal.code.tex
File: pgfcoreexternal.code.tex 2025-08-29 v3.1.11a (3.1.11a)
\pgfexternal@startupbox=\box67
) (/usr/local/texlive/2026/texmf-dist/tex/generic/pgf/basiclayer/pgfcorelayers.code.tex
File: pgfcorelayers.code.tex 2025-08-29 v3.1.11a (3.1.11a)
) (/usr/local/texlive/2026/texmf-dist/tex/generic/pgf/basiclayer/pgfcoretransparency.code.tex
File: pgfcoretransparency.code.tex 2025-08-29 v3.1.11a (3.1.11a)
) (/usr/local/texlive/2026/texmf-dist/tex/generic/pgf/basiclayer/pgfcorepatterns.code.tex
File: pgfcorepatterns.code.tex 2025-08-29 v3.1.11a (3.1.11a)
) (/usr/local/texlive/2026/texmf-dist/tex/generic/pgf/basiclayer/pgfcorerdf.code.tex
File: pgfcorerdf.code.tex 2025-08-29 v3.1.11a (3.1.11a)
))) (/usr/local/texlive/2026/texmf-dist/tex/latex/pgf/utilities/xxcolor.sty
Package: xxcolor 2003/10/24 ver 0.1
\XC@nummixins=\count320
\XC@countmixins=\count321
) (/usr/local/texlive/2026/texmf-dist/tex/latex/base/atbegshi-ltx.sty
Package: atbegshi-ltx 2021/01/10 v1.0c Emulation of the original atbegshi
package with kernel methods
) (/usr/local/texlive/2026/texmf-dist/tex/latex/hyperref/hyperref.sty
Package: hyperref 2026-01-29 v7.01p Hypertext links for LaTeX
 (/usr/local/texlive/2026/texmf-dist/tex/latex/kvsetkeys/kvsetkeys.sty
Package: kvsetkeys 2022-10-05 v1.19 Key value parser (HO)
) (/usr/local/texlive/2026/texmf-dist/tex/generic/kvdefinekeys/kvdefinekeys.sty
Package: kvdefinekeys 2019-12-19 v1.6 Define keys (HO)
) (/usr/local/texlive/2026/texmf-dist/tex/generic/pdfescape/pdfescape.sty
Package: pdfescape 2019/12/09 v1.15 Implements pdfTeX's escape features (HO)
 (/usr/local/texlive/2026/texmf-dist/tex/generic/ltxcmds/ltxcmds.sty
Package: ltxcmds 2023-12-04 v1.26 LaTeX kernel commands for general use (HO)
) (/usr/local/texlive/2026/texmf-dist/tex/generic/pdftexcmds/pdftexcmds.sty
Package: pdftexcmds 2020-06-27 v0.33 Utility functions of pdfTeX for LuaTeX (HO)
 (/usr/local/texlive/2026/texmf-dist/tex/generic/infwarerr/infwarerr.sty
Package: infwarerr 2019/12/03 v1.5 Providing info/warning/error messages (HO)
)
Package pdftexcmds Info: \pdf@primitive is available.
Package pdftexcmds Info: \pdf@ifprimitive is available.
Package pdftexcmds Info: \pdfdraftmode found.
)) (/usr/local/texlive/2026/texmf-dist/tex/latex/hycolor/hycolor.sty
Package: hycolor 2020-01-27 v1.10 Color options for hyperref/bookmark (HO)
) (/usr/local/texlive/2026/texmf-dist/tex/latex/hyperref/nameref.sty
Package: nameref 2026-01-29 v2.58 Cross-referencing by name of section
 (/usr/local/texlive/2026/texmf-dist/tex/latex/refcount/refcount.sty
Package: refcount 2019/12/15 v3.6 Data extraction from label references (HO)
) (/usr/local/texlive/2026/texmf-dist/tex/generic/gettitlestring/gettitlestring.sty
Package: gettitlestring 2019/12/15 v1.6 Cleanup title references (HO)
 (/usr/local/texlive/2026/texmf-dist/tex/latex/kvoptions/kvoptions.sty
Package: kvoptions 2022-06-15 v3.15 Key value format for package options (HO)
))
\c@section@level=\count322
) (/usr/local/texlive/2026/texmf-dist/tex/generic/stringenc/stringenc.sty
Package: stringenc 2019/11/29 v1.12 Convert strings between diff. encodings (HO)
)
\@linkdim=\dimen275
\Hy@linkcounter=\count323
\Hy@pagecounter=\count324
 (/usr/local/texlive/2026/texmf-dist/tex/latex/hyperref/pd1enc.def
File: pd1enc.def 2026-01-29 v7.01p Hyperref: PDFDocEncoding definition (HO)
Now handling font encoding PD1 ...
... no UTF-8 mapping file for font encoding PD1
) (/usr/local/texlive/2026/texmf-dist/tex/generic/intcalc/intcalc.sty
Package: intcalc 2019/12/15 v1.3 Expandable calculations with integers (HO)
)
\Hy@SavedSpaceFactor=\count325
 (/usr/local/texlive/2026/texmf-dist/tex/latex/hyperref/puenc.def
File: puenc.def 2026-01-29 v7.01p Hyperref: PDF Unicode definition (HO)
Now handling font encoding PU ...
... no UTF-8 mapping file for font encoding PU
)
Package hyperref Info: Option `bookmarks' set `true' on input line 4072.
Package hyperref Info: Option `bookmarksopen' set `true' on input line 4072.
Package hyperref Info: Option `implicit' set `false' on input line 4072.
Package hyperref Info: Hyper figures OFF on input line 4201.
Package hyperref Info: Link nesting OFF on input line 4206.
Package hyperref Info: Hyper index ON on input line 4209.
Package hyperref Info: Plain pages OFF on input line 4216.
Package hyperref Info: Backreferencing OFF on input line 4221.
Package hyperref Info: Implicit mode OFF; no redefinition of LaTeX internals.
Package hyperref Info: Bookmarks ON on input line 4468.
\c@Hy@tempcnt=\count326
 (/usr/local/texlive/2026/texmf-dist/tex/latex/url/url.sty
\Urlmuskip=\muskip17
Package: url 2013/09/16  ver 3.4  Verb mode for urls, etc.
)
LaTeX Info: Redefining \url on input line 4807.
\XeTeXLinkMargin=\dimen276
 (/usr/local/texlive/2026/texmf-dist/tex/generic/bitset/bitset.sty
Package: bitset 2019/12/09 v1.3 Handle bit-vector datatype (HO)
 (/usr/local/texlive/2026/texmf-dist/tex/generic/bigintcalc/bigintcalc.sty
Package: bigintcalc 2019/12/15 v1.5 Expandable calculations on big integers (HO)
))
\Fld@menulength=\count327
\Field@Width=\dimen277
\Fld@charsize=\dimen278
Package hyperref Info: Hyper figures OFF on input line 6084.
Package hyperref Info: Link nesting OFF on input line 6089.
Package hyperref Info: Hyper index ON on input line 6092.
Package hyperref Info: backreferencing OFF on input line 6099.
Package hyperref Info: Link coloring OFF on input line 6104.
Package hyperref Info: Link coloring with OCG OFF on input line 6109.
Package hyperref Info: PDF/A mode OFF on input line 6114.
\Hy@abspage=\count328


Package hyperref Message: Stopped early.

)
Package hyperref Info: Driver (autodetected): hpdftex.
 (/usr/local/texlive/2026/texmf-dist/tex/latex/hyperref/hpdftex.def
File: hpdftex.def 2026-01-29 v7.01p Hyperref driver for pdfTeX
\Fld@listcount=\count329
\c@bookmark@seq@number=\count330
 (/usr/local/texlive/2026/texmf-dist/tex/latex/rerunfilecheck/rerunfilecheck.sty
Package: rerunfilecheck 2025-06-21 v1.11 Rerun checks for auxiliary files (HO)
 (/usr/local/texlive/2026/texmf-dist/tex/generic/uniquecounter/uniquecounter.sty
Package: uniquecounter 2019/12/15 v1.4 Provide unlimited unique counter (HO)
)
Package uniquecounter Info: New unique counter `rerunfilecheck' on input line 284.
)) (/usr/local/texlive/2026/texmf-dist/tex/latex/beamer/beamerbaserequires.sty (/usr/local/texlive/2026/texmf-dist/tex/latex/beamer/beamerbasecompatibility.sty) (/usr/local/texlive/2026/texmf-dist/tex/latex/beamer/beamerbasefont.sty (/usr/local/texlive/2026/texmf-dist/tex/latex/amsfonts/amssymb.sty
Package: amssymb 2013/01/14 v3.01 AMS font symbols
 (/usr/local/texlive/2026/texmf-dist/tex/latex/amsfonts/amsfonts.sty
Package: amsfonts 2013/01/14 v3.01 Basic AMSFonts support
\@emptytoks=\toks29
\symAMSa=\mathgroup4
\symAMSb=\mathgroup5
LaTeX Font Info:    Redeclaring math symbol \hbar on input line 98.
LaTeX Font Info:    Overwriting math alphabet `\mathfrak' in version `bold'
(Font)                  U/euf/m/n --> U/euf/b/n on input line 106.
)) (/usr/local/texlive/2026/texmf-dist/tex/latex/sansmathaccent/sansmathaccent.sty
Package: sansmathaccent 2020/01/31
 (/usr/local/texlive/2026/texmf-dist/tex/latex/koma-script/scrlfile.sty
Package: scrlfile 2026/02/02 v3.49.2 KOMA-Script package (file load hooks)
 (/usr/local/texlive/2026/texmf-dist/tex/latex/koma-script/scrlfile-hook.sty
Package: scrlfile-hook 2026/02/02 v3.49.2 KOMA-Script package (using LaTeX hooks)
 (/usr/local/texlive/2026/texmf-dist/tex/latex/koma-script/scrlogo.sty
Package: scrlogo 2026/02/02 v3.49.2 KOMA-Script package (logo)
))))) (/usr/local/texlive/2026/texmf-dist/tex/latex/beamer/beamerbasetranslator.sty (/usr/local/texlive/2026/texmf-dist/tex/latex/translator/translator.sty
Package: translator 2021-05-31 v1.12d Easy translation of strings in LaTeX
)) (/usr/local/texlive/2026/texmf-dist/tex/latex/beamer/beamerbasemisc.sty) (/usr/local/texlive/2026/texmf-dist/tex/latex/beamer/beamerbasetwoscreens.sty) (/usr/local/texlive/2026/texmf-dist/tex/latex/beamer/beamerbaseoverlay.sty
\beamer@argscount=\count331
\beamer@lastskipcover=\skip52
\beamer@trivlistdepth=\count332
) (/usr/local/texlive/2026/texmf-dist/tex/latex/beamer/beamerbasetitle.sty) (/usr/local/texlive/2026/texmf-dist/tex/latex/beamer/beamerbasesection.sty
\c@lecture=\count333
\c@part=\count334
\c@section=\count335
\c@subsection=\count336
\c@subsubsection=\count337
) (/usr/local/texlive/2026/texmf-dist/tex/latex/beamer/beamerbaseframe.sty
\beamer@framebox=\box68
\beamer@frametitlebox=\box69
\beamer@zoombox=\box70
\beamer@zoomcount=\count338
\beamer@zoomframecount=\count339
\beamer@frametextheight=\dimen279
\c@subsectionslide=\count340
\beamer@frametopskip=\skip53
\beamer@framebottomskip=\skip54
\beamer@frametopskipautobreak=\skip55
\beamer@framebottomskipautobreak=\skip56
\beamer@envbody=\toks30
\framewidth=\dimen280
\c@framenumber=\count341
) (/usr/local/texlive/2026/texmf-dist/tex/latex/beamer/beamerbaseverbatim.sty
\beamer@verbatimfileout=\write4
) (/usr/local/texlive/2026/texmf-dist/tex/latex/beamer/beamerbaseframesize.sty
\beamer@splitbox=\box71
\beamer@autobreakcount=\count342
\beamer@autobreaklastheight=\dimen281
\beamer@frametitletoks=\toks31
\beamer@framesubtitletoks=\toks32
) (/usr/local/texlive/2026/texmf-dist/tex/latex/beamer/beamerbaseframecomponents.sty
\beamer@colheight=\skip57
\beamer@footins=\box72
) (/usr/local/texlive/2026/texmf-dist/tex/latex/beamer/beamerbasecolor.sty) (/usr/local/texlive/2026/texmf-dist/tex/latex/beamer/beamerbasenotes.sty
\beamer@frameboxcopy=\box73
) (/usr/local/texlive/2026/texmf-dist/tex/latex/beamer/beamerbasetoc.sty) (/usr/local/texlive/2026/texmf-dist/tex/latex/beamer/beamerbasetemplates.sty
\beamer@sbttoks=\toks33
 (/usr/local/texlive/2026/texmf-dist/tex/latex/beamer/beamerbaseauxtemplates.sty (/usr/local/texlive/2026/texmf-dist/tex/latex/beamer/beamerbaseboxes.sty
\bmb@box=\box74
\bmb@colorbox=\box75
\bmb@boxwidth=\dimen282
\bmb@boxheight=\dimen283
\bmb@prevheight=\dimen284
\bmb@temp=\dimen285
\bmb@dima=\dimen286
\bmb@dimb=\dimen287
\bmb@prevheight=\dimen288
)
\beamer@blockheadheight=\dimen289
)) (/usr/local/texlive/2026/texmf-dist/tex/latex/beamer/beamerbaselocalstructure.sty (/usr/local/texlive/2026/texmf-dist/tex/latex/tools/enumerate.sty
Package: enumerate 2023/07/04 v3.00 enumerate extensions (DPC)
\@enLab=\toks34
)
\beamer@bibiconwidth=\skip58
\c@figure=\count343
\c@table=\count344
\abovecaptionskip=\skip59
\belowcaptionskip=\skip60
) (/usr/local/texlive/2026/texmf-dist/tex/latex/beamer/beamerbasenavigation.sty (/usr/local/texlive/2026/texmf-dist/tex/latex/beamer/beamerbasenavigationsymbols.tex)
\beamer@section@min@dim=\dimen290
) (/usr/local/texlive/2026/texmf-dist/tex/latex/beamer/beamerbasetheorems.sty (/usr/local/texlive/2026/texmf-dist/tex/latex/amsmath/amsmath.sty
Package: amsmath 2025/07/09 v2.17z AMS math features
\@mathmargin=\skip61

For additional information on amsmath, use the `?' option.
(/usr/local/texlive/2026/texmf-dist/tex/latex/amsmath/amstext.sty
Package: amstext 2024/11/17 v2.01 AMS text
 (/usr/local/texlive/2026/texmf-dist/tex/latex/amsmath/amsgen.sty
File: amsgen.sty 1999/11/30 v2.0 generic functions
\@emptytoks=\toks35
\ex@=\dimen291
)) (/usr/local/texlive/2026/texmf-dist/tex/latex/amsmath/amsbsy.sty
Package: amsbsy 1999/11/29 v1.2d Bold Symbols
\pmbraise@=\dimen292
) (/usr/local/texlive/2026/texmf-dist/tex/latex/amsmath/amsopn.sty
Package: amsopn 2022/04/08 v2.04 operator names
)
\inf@bad=\count345
LaTeX Info: Redefining \frac on input line 233.
\uproot@=\count346
\leftroot@=\count347
LaTeX Info: Redefining \overline on input line 398.
LaTeX Info: Redefining \colon on input line 409.
\classnum@=\count348
\DOTSCASE@=\count349
LaTeX Info: Redefining \ldots on input line 495.
LaTeX Info: Redefining \dots on input line 498.
LaTeX Info: Redefining \cdots on input line 619.
\Mathstrutbox@=\box76
\strutbox@=\box77
LaTeX Info: Redefining \big on input line 721.
LaTeX Info: Redefining \Big on input line 722.
LaTeX Info: Redefining \bigg on input line 723.
LaTeX Info: Redefining \Bigg on input line 724.
\big@size=\dimen293
LaTeX Font Info:    Redeclaring font encoding OML on input line 742.
LaTeX Font Info:    Redeclaring font encoding OMS on input line 743.
\macc@depth=\count350
LaTeX Info: Redefining \bmod on input line 904.
LaTeX Info: Redefining \pmod on input line 909.
LaTeX Info: Redefining \smash on input line 939.
LaTeX Info: Redefining \relbar on input line 969.
LaTeX Info: Redefining \Relbar on input line 970.
\c@MaxMatrixCols=\count351
\dotsspace@=\muskip18
\c@parentequation=\count352
\dspbrk@lvl=\count353
\tag@help=\toks36
\row@=\count354
\column@=\count355
\maxfields@=\count356
\andhelp@=\toks37
\eqnshift@=\dimen294
\alignsep@=\dimen295
\tagshift@=\dimen296
\tagwidth@=\dimen297
\totwidth@=\dimen298
\lineht@=\dimen299
\@envbody=\toks38
\multlinegap=\skip62
\multlinetaggap=\skip63
\mathdisplay@stack=\toks39
LaTeX Info: Redefining \[ on input line 2950.
LaTeX Info: Redefining \] on input line 2951.
) (/usr/local/texlive/2026/texmf-dist/tex/latex/amscls/amsthm.sty
Package: amsthm 2020/05/29 v2.20.6
\thm@style=\toks40
\thm@bodyfont=\toks41
\thm@headfont=\toks42
\thm@notefont=\toks43
\thm@headpunct=\toks44
\thm@preskip=\skip64
\thm@postskip=\skip65
\thm@headsep=\skip66
\dth@everypar=\toks45
)
\c@theorem=\count357
) (/usr/local/texlive/2026/texmf-dist/tex/latex/beamer/beamerbasethemes.sty)) (/usr/local/texlive/2026/texmf-dist/tex/latex/beamer/beamerthemedefault.sty (/usr/local/texlive/2026/texmf-dist/tex/latex/beamer/beamerfontthemedefault.sty) (/usr/local/texlive/2026/texmf-dist/tex/latex/beamer/beamercolorthemedefault.sty) (/usr/local/texlive/2026/texmf-dist/tex/latex/beamer/beamerinnerthemedefault.sty
\beamer@dima=\dimen300
\beamer@dimb=\dimen301
) (/usr/local/texlive/2026/texmf-dist/tex/latex/beamer/beamerouterthemedefault.sty))) (/usr/local/texlive/2026/texmf-dist/tex/latex/beamertheme-metropolis/beamerthememetropolis.sty
Package: beamerthememetropolis 2017/01/23 v1.2 Metropolis Beamer theme
 (/usr/local/texlive/2026/texmf-dist/tex/latex/pgfopts/pgfopts.sty
Package: pgfopts 2014/07/10 v2.1a LaTeX package options with pgfkeys
\pgfopts@list@add@a@toks=\toks46
\pgfopts@list@add@b@toks=\toks47
) (/usr/local/texlive/2026/texmf-dist/tex/latex/beamertheme-metropolis/beamerinnerthememetropolis.sty
Package: beamerinnerthememetropolis 2017/01/23 Metropolis inner theme
 (/usr/local/texlive/2026/texmf-dist/tex/latex/tools/calc.sty
Package: calc 2025/03/01 v4.3b Infix arithmetic (KKT,FJ)
\calc@Acount=\count358
\calc@Bcount=\count359
\calc@Adimen=\dimen302
\calc@Bdimen=\dimen303
\calc@Askip=\skip67
\calc@Bskip=\skip68
LaTeX Info: Redefining \setlength on input line 86.
LaTeX Info: Redefining \addtolength on input line 87.
\calc@Ccount=\count360
\calc@Cskip=\skip69
) (/usr/local/texlive/2026/texmf-dist/tex/latex/pgf/frontendlayer/tikz.sty (/usr/local/texlive/2026/texmf-dist/tex/latex/pgf/basiclayer/pgf.sty
Package: pgf 2025-08-29 v3.1.11a (3.1.11a)
 (/usr/local/texlive/2026/texmf-dist/tex/generic/pgf/modules/pgfmoduleshapes.code.tex
File: pgfmoduleshapes.code.tex 2025-08-29 v3.1.11a (3.1.11a)
\pgfnodeparttextbox=\box78
) (/usr/local/texlive/2026/texmf-dist/tex/generic/pgf/modules/pgfmoduleplot.code.tex
File: pgfmoduleplot.code.tex 2025-08-29 v3.1.11a (3.1.11a)
) (/usr/local/texlive/2026/texmf-dist/tex/latex/pgf/compatibility/pgfcomp-version-0-65.sty
Package: pgfcomp-version-0-65 2025-08-29 v3.1.11a (3.1.11a)
\pgf@nodesepstart=\dimen304
\pgf@nodesepend=\dimen305
) (/usr/local/texlive/2026/texmf-dist/tex/latex/pgf/compatibility/pgfcomp-version-1-18.sty
Package: pgfcomp-version-1-18 2025-08-29 v3.1.11a (3.1.11a)
)) (/usr/local/texlive/2026/texmf-dist/tex/latex/pgf/utilities/pgffor.sty (/usr/local/texlive/2026/texmf-dist/tex/generic/pgf/utilities/pgffor.code.tex
Package: pgffor 2025-08-29 v3.1.11a (3.1.11a)
\pgffor@iter=\dimen306
\pgffor@skip=\dimen307
\pgffor@stack=\toks48
\pgffor@toks=\toks49
)) (/usr/local/texlive/2026/texmf-dist/tex/generic/pgf/frontendlayer/tikz/tikz.code.tex
Package: tikz 2025-08-29 v3.1.11a (3.1.11a)
 (/usr/local/texlive/2026/texmf-dist/tex/generic/pgf/libraries/pgflibraryplothandlers.code.tex
File: pgflibraryplothandlers.code.tex 2025-08-29 v3.1.11a (3.1.11a)
\pgf@plot@mark@count=\count361
\pgfplotmarksize=\dimen308
)
\tikz@lastx=\dimen309
\tikz@lasty=\dimen310
\tikz@lastxsaved=\dimen311
\tikz@lastysaved=\dimen312
\tikz@lastmovetox=\dimen313
\tikz@lastmovetoy=\dimen314
\tikzleveldistance=\dimen315
\tikzsiblingdistance=\dimen316
\tikz@figbox=\box79
\tikz@figbox@bg=\box80
\tikz@tempbox=\box81
\tikz@tempbox@bg=\box82
\tikztreelevel=\count362
\tikznumberofchildren=\count363
\tikznumberofcurrentchild=\count364
\tikz@fig@count=\count365
 (/usr/local/texlive/2026/texmf-dist/tex/generic/pgf/modules/pgfmodulematrix.code.tex
File: pgfmodulematrix.code.tex 2025-08-29 v3.1.11a (3.1.11a)
\pgfmatrixcurrentrow=\count366
\pgfmatrixcurrentcolumn=\count367
\pgf@matrix@numberofcolumns=\count368
)
\tikz@expandcount=\count369
 (/usr/local/texlive/2026/texmf-dist/tex/generic/pgf/frontendlayer/tikz/libraries/tikzlibrarytopaths.code.tex
File: tikzlibrarytopaths.code.tex 2025-08-29 v3.1.11a (3.1.11a)
)))
\metropolis@titleseparator@linewidth=\skip70
\metropolis@progressonsectionpage=\skip71
\metropolis@progressonsectionpage@linewidth=\skip72
\metropolis@blocksep=\skip73
\metropolis@blockadjust=\skip74
\metropolis@parskip=\skip75
) (/usr/local/texlive/2026/texmf-dist/tex/latex/beamertheme-metropolis/beamerouterthememetropolis.sty
Package: beamerouterthememetropolis 2017/01/23 Metropolis outer theme
\metropolis@frametitle@padding=\skip76
\metropolis@progressinheadfoot=\skip77
\metropolis@progressinheadfoot@linewidth=\skip78
) (/usr/local/texlive/2026/texmf-dist/tex/latex/beamertheme-metropolis/beamercolorthememetropolis.sty
Package: beamercolorthememetropolis 2017/01/23 Metropolis color theme
) (/usr/local/texlive/2026/texmf-dist/tex/latex/beamertheme-metropolis/beamerfontthememetropolis.sty
Package: beamerfontthememetropolis 2017/01/23 Metropolis font theme
 (/usr/local/texlive/2026/texmf-dist/tex/generic/iftex/ifxetex.sty
Package: ifxetex 2019/10/25 v0.7 ifxetex legacy package. Use iftex instead.
) (/usr/local/texlive/2026/texmf-dist/tex/generic/iftex/ifluatex.sty
Package: ifluatex 2019/10/25 v1.5 ifluatex legacy package. Use iftex instead.
)

Package beamerthememetropolis Warning: You need to compile with XeLaTeX or LuaLaTeX to use the Fira fonts on input line 95.

)) (/usr/local/texlive/2026/texmf-dist/tex/latex/algorithms/algorithmic.sty
Package: algorithmic 2009/08/24 v0.1 Document Style `algorithmic'
 (/usr/local/texlive/2026/texmf-dist/tex/latex/base/ifthen.sty
Package: ifthen 2024/03/16 v1.1e Standard LaTeX ifthen package (DPC)
)
\c@ALC@unique=\count370
\c@ALC@line=\count371
\c@ALC@rem=\count372
\c@ALC@depth=\count373
\ALC@tlm=\skip79
\algorithmicindent=\skip80
) (/usr/local/texlive/2026/texmf-dist/tex/latex/animate/animate.sty
Package: animate 2024/10/14 PDF & SVG animations from files and inline graphics
 (/usr/local/texlive/2026/texmf-dist/tex/latex/oberdiek/ifdraft.sty
Package: ifdraft 2016/05/16 v1.4 Detect class options draft and final (HO)
) (/usr/local/texlive/2026/texmf-dist/tex/latex/media9/pdfbase.sty
Package: pdfbase 2024/09/16 v0.59 driver independent access to low-level PDF features
 (/usr/local/texlive/2026/texmf-dist/tex/latex/l3backend/l3backend-pdftex.def
File: l3backend-pdftex.def 2025-10-09 L3 backend support: PDF output (pdfTeX)
\l__color_backend_stack_int=\count374
)
\g_pbs_page_int=\count375
\g_pbs_oc_int=\count376
) (/usr/local/texlive/2026/texmf-dist/tex/latex/zref/zref-abspage.sty
Package: zref-abspage 2026-03-07 v2.37 Module abspage for zref (HO)
 (/usr/local/texlive/2026/texmf-dist/tex/latex/zref/zref-base.sty
Package: zref-base 2026-03-07 v2.37 Module base for zref (HO)
 (/usr/local/texlive/2026/texmf-dist/tex/generic/etexcmds/etexcmds.sty
Package: etexcmds 2019/12/15 v1.7 Avoid name clashes with e-TeX commands (HO)
) (/usr/local/texlive/2026/texmf-dist/tex/latex/auxhook/auxhook.sty
Package: auxhook 2019-12-17 v1.6 Hooks for auxiliary files (HO)
)
Package zref Info: New property list: main on input line 767.
Package zref Info: New property: default on input line 768.
Package zref Info: New property: page on input line 769.
)
\c@abspage=\count377
Package zref Info: New property: abspage on input line 67.
) (/usr/local/texlive/2026/texmf-dist/tex/latex/ocgx2/ocgbase.sty
Package: ocgbase 2024/09/15 v0.24 support package for ocgx2.sty
)
\@anim@box=\box83
\@anim@measbox=\box84
\@anim@tmpdima=\dimen317
\@anim@tmpdimb=\dimen318
\@anim@num=\count378
\@anim@curframe=\count379
\@anim@curframe@zb=\count380
\@anim@resizeflags=\count381
\@anim@skipfram=\count382
\@anim@mulframecnt=\count383
\@anim@@tmlnfile=\read3
\@anim@tmpcnt=\count384
\c@@anim@ltxcnt=\count385
\@anim@curlayer=\count386
\@anim@lineno=\count387
\@anim@curfield=\count388
\@anim@@resizeflags=\count389
) (/usr/local/texlive/2026/texmf-dist/tex/latex/caption/subcaption.sty
Package: subcaption 2023/07/28 v1.6b Sub-captions (AR)
 (/usr/local/texlive/2026/texmf-dist/tex/latex/caption/caption.sty
Package: caption 2023/08/05 v3.6o Customizing captions (AR)
 (/usr/local/texlive/2026/texmf-dist/tex/latex/caption/caption3.sty
Package: caption3 2023/07/31 v2.4d caption3 kernel (AR)
\caption@tempdima=\dimen319
\captionmargin=\dimen320
\caption@leftmargin=\dimen321
\caption@rightmargin=\dimen322
\caption@width=\dimen323
\caption@indent=\dimen324
\caption@parindent=\dimen325
\caption@hangindent=\dimen326
Package caption Info: beamer document class detected.
 (/usr/local/texlive/2026/texmf-dist/tex/latex/caption/caption-beamer.sto
File: caption-beamer.sto 2022/01/06 v2.0c Adaption of the caption package to the beamer document classes (AR)
))
\c@caption@flags=\count390
\c@continuedfloat=\count391
Package caption Info: hyperref package is loaded.
Package caption Info: Hyperref support is turned off
(caption)             because hyperref has stopped early.
)
Package caption Info: New subtype `subfigure' on input line 238.
\c@subfigure=\count392
Package caption Info: New subtype `subtable' on input line 238.
\c@subtable=\count393
) (/usr/local/texlive/2026/texmf-dist/tex/generic/pgf/frontendlayer/tikz/libraries/tikzlibraryautomata.code.tex
File: tikzlibraryautomata.code.tex 2025-08-29 v3.1.11a (3.1.11a)
 (/usr/local/texlive/2026/texmf-dist/tex/generic/pgf/frontendlayer/tikz/libraries/tikzlibraryshapes.multipart.code.tex
File: tikzlibraryshapes.multipart.code.tex 2025-08-29 v3.1.11a (3.1.11a)
 (/usr/local/texlive/2026/texmf-dist/tex/generic/pgf/libraries/shapes/pgflibraryshapes.multipart.code.tex
File: pgflibraryshapes.multipart.code.tex 2025-08-29 v3.1.11a (3.1.11a)
\pgfnodepartlowerbox=\box85
\pgfnodeparttwobox=\box86
\pgfnodepartthreebox=\box87
\pgfnodepartfourbox=\box88
\pgfnodeparttwentybox=\box89
\pgfnodepartnineteenbox=\box90
\pgfnodeparteighteenbox=\box91
\pgfnodepartseventeenbox=\box92
\pgfnodepartsixteenbox=\box93
\pgfnodepartfifteenbox=\box94
\pgfnodepartfourteenbox=\box95
\pgfnodepartthirteenbox=\box96
\pgfnodeparttwelvebox=\box97
\pgfnodepartelevenbox=\box98
\pgfnodeparttenbox=\box99
\pgfnodepartninebox=\box100
\pgfnodeparteightbox=\box101
\pgfnodepartsevenbox=\box102
\pgfnodepartsixbox=\box103
\pgfnodepartfivebox=\box104
))) (/usr/local/texlive/2026/texmf-dist/tex/generic/pgf/frontendlayer/tikz/libraries/tikzlibrarypositioning.code.tex
File: tikzlibrarypositioning.code.tex 2025-08-29 v3.1.11a (3.1.11a)
) (/usr/local/texlive/2026/texmf-dist/tex/generic/pgf/libraries/pgflibraryarrows.meta.code.tex
File: pgflibraryarrows.meta.code.tex 2025-08-29 v3.1.11a (3.1.11a)
\pgfarrowinset=\dimen327
\pgfarrowlength=\dimen328
\pgfarrowwidth=\dimen329
\pgfarrowlinewidth=\dimen330
) (/usr/local/texlive/2026/texmf-dist/tex/generic/pgf/frontendlayer/tikz/libraries/tikzlibraryshapes.geometric.code.tex
File: tikzlibraryshapes.geometric.code.tex 2025-08-29 v3.1.11a (3.1.11a)
 (/usr/local/texlive/2026/texmf-dist/tex/generic/pgf/libraries/shapes/pgflibraryshapes.geometric.code.tex
File: pgflibraryshapes.geometric.code.tex 2025-08-29 v3.1.11a (3.1.11a)
))

Package hyperref Warning: Token not allowed in a PDF string (Unicode):
(hyperref)                removing `\<let>-command' on input line 91.


Package hyperref Warning: Token not allowed in a PDF string (Unicode):
(hyperref)                removing `\@halignto' on input line 91.


Package hyperref Warning: Token not allowed in a PDF string (Unicode):
(hyperref)                removing `\hbox' on input line 91.


Package hyperref Warning: Token not allowed in a PDF string (Unicode):
(hyperref)                removing `math shift' on input line 91.


Package hyperref Warning: Token not allowed in a PDF string (Unicode):
(hyperref)                removing `\<let>-command' on input line 91.


Package hyperref Warning: Token not allowed in a PDF string (Unicode):
(hyperref)                removing `\@acol' on input line 91.


Package hyperref Warning: Token not allowed in a PDF string (Unicode):
(hyperref)                removing `\<def>-command' on input line 91.


Package hyperref Warning: Token not allowed in a PDF string (Unicode):
(hyperref)                removing `\@preamble' on input line 91.


Package hyperref Warning: Token not allowed in a PDF string (Unicode):
(hyperref)                removing `\<let>-command' on input line 91.


Package hyperref Warning: Token not allowed in a PDF string (Unicode):
(hyperref)                removing `\@classz' on input line 91.


Package hyperref Warning: Token not allowed in a PDF string (Unicode):
(hyperref)                removing `\@acol' on input line 91.


Package hyperref Warning: Token not allowed in a PDF string (Unicode):
(hyperref)                removing `\<def>-command' on input line 91.


Package hyperref Warning: Token not allowed in a PDF string (Unicode):
(hyperref)                removing `\@preamble' on input line 91.


Package hyperref Warning: Token not allowed in a PDF string (Unicode):
(hyperref)                removing `\@acol' on input line 91.


Package hyperref Warning: Token not allowed in a PDF string (Unicode):
(hyperref)                removing `\<def>-command' on input line 91.


Package hyperref Warning: Token not allowed in a PDF string (Unicode):
(hyperref)                removing `\@preamble' on input line 91.


Package hyperref Warning: Token not allowed in a PDF string (Unicode):
(hyperref)                removing `\<let>-command' on input line 91.


Package hyperref Warning: Token not allowed in a PDF string (Unicode):
(hyperref)                removing `\@classiv' on input line 91.


Package hyperref Warning: Token not allowed in a PDF string (Unicode):
(hyperref)                removing `\<def>-command' on input line 91.


Package hyperref Warning: Token not allowed in a PDF string (Unicode):
(hyperref)                removing `\@preamble' on input line 91.


Package hyperref Warning: Token not allowed in a PDF string (Unicode):
(hyperref)                removing `\<let>-command' on input line 91.


Package hyperref Warning: Token not allowed in a PDF string (Unicode):
(hyperref)                removing `\\' on input line 91.


Package hyperref Warning: Token not allowed in a PDF string (Unicode):
(hyperref)                removing `\@tabularcr' on input line 91.


Package hyperref Warning: Token not allowed in a PDF string (Unicode):
(hyperref)                removing `\mathsurround' on input line 91.


Package hyperref Warning: Token not allowed in a PDF string (Unicode):
(hyperref)                removing `\z@' on input line 91.


Package hyperref Warning: Token not allowed in a PDF string (Unicode):
(hyperref)                removing `\@ifnextchar' on input line 91.


Package hyperref Warning: Token not allowed in a PDF string (Unicode):
(hyperref)                removing `\\' on input line 91.


Package hyperref Warning: Token not allowed in a PDF string (Unicode):
(hyperref)                removing `\crcr' on input line 91.


Package hyperref Warning: Token not allowed in a PDF string (Unicode):
(hyperref)                removing `math shift' on input line 91.


Package hyperref Warning: Token not allowed in a PDF string (Unicode):
(hyperref)                removing `\hfill' on input line 91.


Package hyperref Warning: Token not allowed in a PDF string (Unicode):
(hyperref)                removing `\<let>-command' on input line 91.


Package hyperref Warning: Token not allowed in a PDF string (Unicode):
(hyperref)                removing `\@halignto' on input line 91.


Package hyperref Warning: Token not allowed in a PDF string (Unicode):
(hyperref)                removing `\hbox' on input line 91.


Package hyperref Warning: Token not allowed in a PDF string (Unicode):
(hyperref)                removing `math shift' on input line 91.


Package hyperref Warning: Token not allowed in a PDF string (Unicode):
(hyperref)                removing `\<let>-command' on input line 91.


Package hyperref Warning: Token not allowed in a PDF string (Unicode):
(hyperref)                removing `\@acol' on input line 91.


Package hyperref Warning: Token not allowed in a PDF string (Unicode):
(hyperref)                removing `\<def>-command' on input line 91.


Package hyperref Warning: Token not allowed in a PDF string (Unicode):
(hyperref)                removing `\@preamble' on input line 91.


Package hyperref Warning: Token not allowed in a PDF string (Unicode):
(hyperref)                removing `\<let>-command' on input line 91.


Package hyperref Warning: Token not allowed in a PDF string (Unicode):
(hyperref)                removing `\@classz' on input line 91.


Package hyperref Warning: Token not allowed in a PDF string (Unicode):
(hyperref)                removing `\@acol' on input line 91.


Package hyperref Warning: Token not allowed in a PDF string (Unicode):
(hyperref)                removing `\<def>-command' on input line 91.


Package hyperref Warning: Token not allowed in a PDF string (Unicode):
(hyperref)                removing `\@preamble' on input line 91.


Package hyperref Warning: Token not allowed in a PDF string (Unicode):
(hyperref)                removing `\@acol' on input line 91.


Package hyperref Warning: Token not allowed in a PDF string (Unicode):
(hyperref)                removing `\<def>-command' on input line 91.


Package hyperref Warning: Token not allowed in a PDF string (Unicode):
(hyperref)                removing `\@preamble' on input line 91.


Package hyperref Warning: Token not allowed in a PDF string (Unicode):
(hyperref)                removing `\<let>-command' on input line 91.


Package hyperref Warning: Token not allowed in a PDF string (Unicode):
(hyperref)                removing `\@classiv' on input line 91.


Package hyperref Warning: Token not allowed in a PDF string (Unicode):
(hyperref)                removing `\<def>-command' on input line 91.


Package hyperref Warning: Token not allowed in a PDF string (Unicode):
(hyperref)                removing `\@preamble' on input line 91.


Package hyperref Warning: Token not allowed in a PDF string (Unicode):
(hyperref)                removing `\<let>-command' on input line 91.


Package hyperref Warning: Token not allowed in a PDF string (Unicode):
(hyperref)                removing `\\' on input line 91.


Package hyperref Warning: Token not allowed in a PDF string (Unicode):
(hyperref)                removing `\@tabularcr' on input line 91.


Package hyperref Warning: Token not allowed in a PDF string (Unicode):
(hyperref)                removing `\mathsurround' on input line 91.


Package hyperref Warning: Token not allowed in a PDF string (Unicode):
(hyperref)                removing `\z@' on input line 91.


Package hyperref Warning: Token not allowed in a PDF string (Unicode):
(hyperref)                removing `\@ifnextchar' on input line 91.


Package hyperref Warning: Token not allowed in a PDF string (Unicode):
(hyperref)                removing `\\' on input line 91.


Package hyperref Warning: Token not allowed in a PDF string (Unicode):
(hyperref)                removing `\crcr' on input line 91.


Package hyperref Warning: Token not allowed in a PDF string (Unicode):
(hyperref)                removing `math shift' on input line 91.

(./QSG-RM.aux

LaTeX Warning: Label `fig:reward_plot' multiply defined.


LaTeX Warning: Label `sub@fig:reward_plot' multiply defined.


LaTeX Warning: Label `fig:reward_machine' multiply defined.


LaTeX Warning: Label `sub@fig:reward_machine' multiply defined.


LaTeX Warning: Label `fig:reward_plot' multiply defined.


LaTeX Warning: Label `sub@fig:reward_plot' multiply defined.


LaTeX Warning: Label `fig:reward_machine' multiply defined.


LaTeX Warning: Label `sub@fig:reward_machine' multiply defined.


LaTeX Warning: Label `fig:reward_plot' multiply defined.


LaTeX Warning: Label `sub@fig:reward_plot' multiply defined.


LaTeX Warning: Label `fig:reward_plot' multiply defined.


LaTeX Warning: Label `sub@fig:reward_plot' multiply defined.

)
\openout1 = `QSG-RM.aux'.

LaTeX Font Info:    Checking defaults for OML/cmm/m/it on input line 100.
LaTeX Font Info:    ... okay on input line 100.
LaTeX Font Info:    Checking defaults for OMS/cmsy/m/n on input line 100.
LaTeX Font Info:    ... okay on input line 100.
LaTeX Font Info:    Checking defaults for OT1/cmr/m/n on input line 100.
LaTeX Font Info:    ... okay on input line 100.
LaTeX Font Info:    Checking defaults for T1/cmr/m/n on input line 100.
LaTeX Font Info:    ... okay on input line 100.
LaTeX Font Info:    Checking defaults for TS1/cmr/m/n on input line 100.
LaTeX Font Info:    ... okay on input line 100.
LaTeX Font Info:    Checking defaults for OMX/cmex/m/n on input line 100.
LaTeX Font Info:    ... okay on input line 100.
LaTeX Font Info:    Checking defaults for U/cmr/m/n on input line 100.
LaTeX Font Info:    ... okay on input line 100.
LaTeX Font Info:    Checking defaults for PD1/pdf/m/n on input line 100.
LaTeX Font Info:    ... okay on input line 100.
LaTeX Font Info:    Checking defaults for PU/pdf/m/n on input line 100.
LaTeX Font Info:    ... okay on input line 100.

*geometry* driver: auto-detecting
*geometry* detected driver: pdftex
*geometry* verbose mode - [ preamble ] result:
* driver: pdftex
* paper: custom
* layout: <same size as paper>
* layoutoffset:(h,v)=(0.0pt,0.0pt)
* modes: includehead includefoot 
* h-part:(L,W,R)=(28.45274pt, 398.3386pt, 28.45274pt)
* v-part:(T,H,B)=(0.0pt, 256.0748pt, 0.0pt)
* \paperwidth=455.24408pt
* \paperheight=256.0748pt
* \textwidth=398.3386pt
* \textheight=227.62207pt
* \oddsidemargin=-43.81725pt
* \evensidemargin=-43.81725pt
* \topmargin=-72.26999pt
* \headheight=14.22636pt
* \headsep=0.0pt
* \topskip=10.0pt
* \footskip=14.22636pt
* \marginparwidth=3.0pt
* \marginparsep=11.0pt
* \columnsep=10.0pt
* \skip\footins=9.0pt plus 4.0pt minus 2.0pt
* \hoffset=0.0pt
* \voffset=0.0pt
* \mag=1000
* \@twocolumnfalse
* \@twosidefalse
* \@mparswitchfalse
* \@reversemarginfalse
* (1in=72.27pt=25.4mm, 1cm=28.453pt)

(/usr/local/texlive/2026/texmf-dist/tex/context/base/mkii/supp-pdf.mkii
[Loading MPS to PDF converter (version 2006.09.02).]
\scratchcounter=\count394
\scratchdimen=\dimen331
\scratchbox=\box105
\nofMPsegments=\count395
\nofMParguments=\count396
\everyMPshowfont=\toks50
\MPscratchCnt=\count397
\MPscratchDim=\dimen332
\MPnumerator=\count398
\makeMPintoPDFobject=\count399
\everyMPtoPDFconversion=\toks51
) (/usr/local/texlive/2026/texmf-dist/tex/latex/epstopdf-pkg/epstopdf-base.sty
Package: epstopdf-base 2020-01-24 v2.11 Base part for package epstopdf
Package epstopdf-base Info: Redefining graphics rule for `.eps' on input line 485.
 (/usr/local/texlive/2026/texmf-dist/tex/latex/latexconfig/epstopdf-sys.cfg
File: epstopdf-sys.cfg 2010/07/13 v1.3 Configuration of (r)epstopdf for TeX Live
))
Package hyperref Info: Link coloring OFF on input line 100.
 (./QSG-RM.out) (./QSG-RM.out)
\@outlinefile=\write5
\openout5 = `QSG-RM.out'.

LaTeX Font Info:    Overwriting symbol font `operators' in version `normal'
(Font)                  OT1/cmr/m/n --> OT1/cmss/m/n on input line 100.
LaTeX Font Info:    Overwriting symbol font `operators' in version `bold'
(Font)                  OT1/cmr/bx/n --> OT1/cmss/b/n on input line 100.
\symnumbers=\mathgroup6
\sympureletters=\mathgroup7
LaTeX Font Info:    Overwriting math alphabet `\mathrm' in version `normal'
(Font)                  OT1/cmss/m/n --> OT1/cmr/m/n on input line 100.
LaTeX Font Info:    Redeclaring math alphabet \mathbf on input line 100.
LaTeX Font Info:    Overwriting math alphabet `\mathbf' in version `normal'
(Font)                  OT1/cmr/bx/n --> OT1/cmss/b/n on input line 100.
LaTeX Font Info:    Overwriting math alphabet `\mathbf' in version `bold'
(Font)                  OT1/cmr/bx/n --> OT1/cmss/b/n on input line 100.
LaTeX Font Info:    Redeclaring math alphabet \mathsf on input line 100.
LaTeX Font Info:    Overwriting math alphabet `\mathsf' in version `normal'
(Font)                  OT1/cmss/m/n --> OT1/cmss/m/n on input line 100.
LaTeX Font Info:    Overwriting math alphabet `\mathsf' in version `bold'
(Font)                  OT1/cmss/bx/n --> OT1/cmss/m/n on input line 100.
LaTeX Font Info:    Redeclaring math alphabet \mathit on input line 100.
LaTeX Font Info:    Overwriting math alphabet `\mathit' in version `normal'
(Font)                  OT1/cmr/m/it --> OT1/cmss/m/it on input line 100.
LaTeX Font Info:    Overwriting math alphabet `\mathit' in version `bold'
(Font)                  OT1/cmr/bx/it --> OT1/cmss/m/it on input line 100.
LaTeX Font Info:    Redeclaring math alphabet \mathtt on input line 100.
LaTeX Font Info:    Overwriting math alphabet `\mathtt' in version `normal'
(Font)                  OT1/cmtt/m/n --> OT1/cmtt/m/n on input line 100.
LaTeX Font Info:    Overwriting math alphabet `\mathtt' in version `bold'
(Font)                  OT1/cmtt/m/n --> OT1/cmtt/m/n on input line 100.
LaTeX Font Info:    Overwriting symbol font `numbers' in version `bold'
(Font)                  OT1/cmss/m/n --> OT1/cmss/b/n on input line 100.
LaTeX Font Info:    Overwriting symbol font `pureletters' in version `bold'
(Font)                  OT1/cmss/m/it --> OT1/cmss/b/it on input line 100.
LaTeX Font Info:    Overwriting math alphabet `\mathrm' in version `bold'
(Font)                  OT1/cmss/b/n --> OT1/cmr/b/n on input line 100.
LaTeX Font Info:    Overwriting math alphabet `\mathbf' in version `bold'
(Font)                  OT1/cmss/b/n --> OT1/cmss/b/n on input line 100.
LaTeX Font Info:    Overwriting math alphabet `\mathsf' in version `bold'
(Font)                  OT1/cmss/m/n --> OT1/cmss/b/n on input line 100.
LaTeX Font Info:    Overwriting math alphabet `\mathit' in version `bold'
(Font)                  OT1/cmss/m/it --> OT1/cmss/b/it on input line 100.
LaTeX Font Info:    Overwriting math alphabet `\mathtt' in version `bold'
(Font)                  OT1/cmtt/m/n --> OT1/cmtt/b/n on input line 100.
LaTeX Font Info:    Redeclaring symbol font `pureletters' on input line 100.
LaTeX Font Info:    Overwriting symbol font `pureletters' in version `normal'
(Font)                  OT1/cmss/m/it --> OT1/mathkerncmss/m/sl on input line 100.
LaTeX Font Info:    Overwriting symbol font `pureletters' in version `bold'
(Font)                  OT1/cmss/b/it --> OT1/mathkerncmss/m/sl on input line 100.
LaTeX Font Info:    Overwriting symbol font `pureletters' in version `bold'
(Font)                  OT1/mathkerncmss/m/sl --> OT1/mathkerncmss/bx/sl on input line 100.
 (/usr/local/texlive/2026/texmf-dist/tex/latex/translator/translator-basic-dictionary-English.dict
Dictionary: translator-basic-dictionary, Language: English 
) (/usr/local/texlive/2026/texmf-dist/tex/latex/translator/translator-bibliography-dictionary-English.dict
Dictionary: translator-bibliography-dictionary, Language: English 
) (/usr/local/texlive/2026/texmf-dist/tex/latex/translator/translator-environment-dictionary-English.dict
Dictionary: translator-environment-dictionary, Language: English 
) (/usr/local/texlive/2026/texmf-dist/tex/latex/translator/translator-months-dictionary-English.dict
Dictionary: translator-months-dictionary, Language: English 
) (/usr/local/texlive/2026/texmf-dist/tex/latex/translator/translator-numbers-dictionary-English.dict
Dictionary: translator-numbers-dictionary, Language: English 
) (/usr/local/texlive/2026/texmf-dist/tex/latex/translator/translator-theorem-dictionary-English.dict
Dictionary: translator-theorem-dictionary, Language: English 
)
Package caption Info: Begin \AtBeginDocument code.
Package caption Info: End \AtBeginDocument code.
 (./QSG-RM.nav)
LaTeX Font Info:    Trying to load font information for U+msa on input line 104.
 (/usr/local/texlive/2026/texmf-dist/tex/latex/amsfonts/umsa.fd
File: umsa.fd 2013/01/14 v3.01 AMS symbols A
)
LaTeX Font Info:    Trying to load font information for U+msb on input line 104.
 (/usr/local/texlive/2026/texmf-dist/tex/latex/amsfonts/umsb.fd
File: umsb.fd 2013/01/14 v3.01 AMS symbols B
)
LaTeX Font Info:    Trying to load font information for OT1+mathkerncmss on input line 104.
 (/usr/local/texlive/2026/texmf-dist/tex/latex/sansmathaccent/ot1mathkerncmss.fd
File: ot1mathkerncmss.fd 2020/01/31 Fontinst v1.933 font definitions for OT1/mathkerncmss.
)
Overfull \vbox (39.39362pt too high) detected at line 104
 []

[1

{/usr/local/texlive/2026/texmf-var/fonts/map/pdftex/updmap/pdftex.map}] [2

{/usr/local/texlive/2026/texmf-dist/fonts/enc/dvips/cm-super/cm-super-ts1.enc}] [3

]
LaTeX Font Info:    Trying to load font information for U+euf on input line 133.
 (/usr/local/texlive/2026/texmf-dist/tex/latex/amsfonts/ueuf.fd
File: ueuf.fd 2013/01/14 v3.01 Euler Fraktur
) [4

] [5

] [6

] [7

] [8

] [9

]
<images/RMgridexample.png, id=129, 168.63pt x 168.63pt>
File: images/RMgridexample.png Graphic file (type png)
<use images/RMgridexample.png>
Package pdftex.def Info: images/RMgridexample.png  used on input line 228.
(pdftex.def)             Requested size: 67.71683pt x 67.7184pt.
<images/RMexaple_solo.png, id=131, 256.96pt x 215.80624pt>
File: images/RMexaple_solo.png Graphic file (type png)
<use images/RMexaple_solo.png>
Package pdftex.def Info: images/RMexaple_solo.png  used on input line 228.
(pdftex.def)             Requested size: 79.66649pt x 66.90582pt.
 [10

 <./images/RMgridexample.png> <./images/RMexaple_solo.png>] [11

] [12

] [13

] [14

] [15

] [16

] [17

] [18

] [19

]

LaTeX Font Warning: Command \footnotesize invalid in math mode on input line 420.


LaTeX Font Warning: Command \footnotesize invalid in math mode on input line 420.

[20

] [21

] [22

] [23

] [24

] [25

] [26

] [27

] [28

] [29

] [30

] [31

] [32

] [33

]
<images/task_I_windowed 2 (random init).png, id=291, 642.2394pt x 427.3566pt>
File: images/task_I_windowed 2 (random init).png Graphic file (type png)
<use images/task_I_windowed 2 (random init).png>
Package pdftex.def Info: images/task_I_windowed 2 (random init).png  used on input line 684.
(pdftex.def)             Requested size: 199.1693pt x 132.52481pt.
<images/Reward_Machine_I.png, id=292, 355.3275pt x 362.35374pt>
File: images/Reward_Machine_I.png Graphic file (type png)
<use images/Reward_Machine_I.png>
Package pdftex.def Info: images/Reward_Machine_I.png  used on input line 684.
(pdftex.def)             Requested size: 119.50279pt x 121.86613pt.
 [34

 <./images/task_I_windowed 2 (random init).png> <./images/Reward_Machine_I.png>]
<images/Nash_Q-learning.png, id=306, 642.4803pt x 427.8384pt>
File: images/Nash_Q-learning.png Graphic file (type png)
<use images/Nash_Q-learning.png>
Package pdftex.def Info: images/Nash_Q-learning.png  used on input line 705.
(pdftex.def)             Requested size: 239.00558pt x 159.15945pt.
 [35

 <./images/Nash_Q-learning.png>]
<images/task I/task_I-0.png, id=314, 682.55pt x 682.55pt>
File: images/task I/task_I-0.png Graphic file (type png)
<use images/task I/task_I-0.png>
Package pdftex.def Info: images/task I/task_I-0.png  used on input line 714.
(pdftex.def)             Requested size: 682.54834pt x 682.54834pt.
 <./images/task I/task_I-0.png> <a0,fr0>
<images/task I/task_I-1.png, id=318, 682.55pt x 682.55pt>
File: images/task I/task_I-1.png Graphic file (type png)
<use images/task I/task_I-1.png>
Package pdftex.def Info: images/task I/task_I-1.png  used on input line 714.
(pdftex.def)             Requested size: 682.54834pt x 682.54834pt.
 <./images/task I/task_I-1.png> <a0,fr1>
<images/task I/task_I-2.png, id=322, 682.55pt x 682.55pt>
File: images/task I/task_I-2.png Graphic file (type png)
<use images/task I/task_I-2.png>
Package pdftex.def Info: images/task I/task_I-2.png  used on input line 714.
(pdftex.def)             Requested size: 682.54834pt x 682.54834pt.
 <./images/task I/task_I-2.png> <a0,fr2>
<images/task I/task_I-3.png, id=326, 682.55pt x 682.55pt>
File: images/task I/task_I-3.png Graphic file (type png)
<use images/task I/task_I-3.png>
Package pdftex.def Info: images/task I/task_I-3.png  used on input line 714.
(pdftex.def)             Requested size: 682.54834pt x 682.54834pt.
 <./images/task I/task_I-3.png> <a0,fr3>
<images/task I/task_I-4.png, id=330, 682.55pt x 682.55pt>
File: images/task I/task_I-4.png Graphic file (type png)
<use images/task I/task_I-4.png>
Package pdftex.def Info: images/task I/task_I-4.png  used on input line 714.
(pdftex.def)             Requested size: 682.54834pt x 682.54834pt.
 <./images/task I/task_I-4.png> <a0,fr4>
<images/task I/task_I-5.png, id=334, 682.55pt x 682.55pt>
File: images/task I/task_I-5.png Graphic file (type png)
<use images/task I/task_I-5.png>
Package pdftex.def Info: images/task I/task_I-5.png  used on input line 714.
(pdftex.def)             Requested size: 682.54834pt x 682.54834pt.
 <./images/task I/task_I-5.png> <a0,fr5>
<images/task I/task_I-6.png, id=338, 682.55pt x 682.55pt>
File: images/task I/task_I-6.png Graphic file (type png)
<use images/task I/task_I-6.png>
Package pdftex.def Info: images/task I/task_I-6.png  used on input line 714.
(pdftex.def)             Requested size: 682.54834pt x 682.54834pt.
 <./images/task I/task_I-6.png> <a0,fr6>
<images/task I/task_I-7.png, id=342, 682.55pt x 682.55pt>
File: images/task I/task_I-7.png Graphic file (type png)
<use images/task I/task_I-7.png>
Package pdftex.def Info: images/task I/task_I-7.png  used on input line 714.
(pdftex.def)             Requested size: 682.54834pt x 682.54834pt.
 <./images/task I/task_I-7.png> <a0,fr7> [36

]
<images/Task_II.png, id=390, 650.43pt x 433.62pt>
File: images/Task_II.png Graphic file (type png)
<use images/Task_II.png>
Package pdftex.def Info: images/Task_II.png  used on input line 736.
(pdftex.def)             Requested size: 199.1693pt x 132.7799pt.

pdfTeX warning (ext4): destination with the same identifier (name{fig:reward_plot}) has been already used, duplicate ignored
<to be read again> 
                   \relax 
l.736 \end{frame}
                 
pdfTeX warning (ext4): destination with the same identifier (name{sub@fig:reward_plot}) has been already used, duplicate ignored
<to be read again> 
                   \relax 
l.736 \end{frame}
                 
<images/Reward_Machine_II_and_III.png, id=391, 335.2525pt x 381.425pt>
File: images/Reward_Machine_II_and_III.png Graphic file (type png)
<use images/Reward_Machine_II_and_III.png>
Package pdftex.def Info: images/Reward_Machine_II_and_III.png  used on input line 736.
(pdftex.def)             Requested size: 119.50279pt x 135.9568pt.

pdfTeX warning (ext4): destination with the same identifier (name{fig:reward_machine}) has been already used, duplicate ignored
<to be read again> 
                   \relax 
l.736 \end{frame}
                 
pdfTeX warning (ext4): destination with the same identifier (name{sub@fig:reward_machine}) has been already used, duplicate ignored
<to be read again> 
                   \relax 
l.736 \end{frame}
                 
Overfull \vbox (11.31425pt too high) detected at line 736
 []

[37

 <./images/Task_II.png> <./images/Reward_Machine_II_and_III.png>]
<images/task_II/task_II-0.png, id=401, 682.55pt x 682.55pt>
File: images/task_II/task_II-0.png Graphic file (type png)
<use images/task_II/task_II-0.png>
Package pdftex.def Info: images/task_II/task_II-0.png  used on input line 745.
(pdftex.def)             Requested size: 682.54834pt x 682.54834pt.
 <./images/task_II/task_II-0.png> <a1,fr0>
<images/task_II/task_II-1.png, id=405, 682.55pt x 682.55pt>
File: images/task_II/task_II-1.png Graphic file (type png)
<use images/task_II/task_II-1.png>
Package pdftex.def Info: images/task_II/task_II-1.png  used on input line 745.
(pdftex.def)             Requested size: 682.54834pt x 682.54834pt.
 <./images/task_II/task_II-1.png> <a1,fr1>
<images/task_II/task_II-2.png, id=409, 682.55pt x 682.55pt>
File: images/task_II/task_II-2.png Graphic file (type png)
<use images/task_II/task_II-2.png>
Package pdftex.def Info: images/task_II/task_II-2.png  used on input line 745.
(pdftex.def)             Requested size: 682.54834pt x 682.54834pt.
 <./images/task_II/task_II-2.png> <a1,fr2>
<images/task_II/task_II-3.png, id=413, 682.55pt x 682.55pt>
File: images/task_II/task_II-3.png Graphic file (type png)
<use images/task_II/task_II-3.png>
Package pdftex.def Info: images/task_II/task_II-3.png  used on input line 745.
(pdftex.def)             Requested size: 682.54834pt x 682.54834pt.
 <./images/task_II/task_II-3.png> <a1,fr3>
<images/task_II/task_II-4.png, id=417, 682.55pt x 682.55pt>
File: images/task_II/task_II-4.png Graphic file (type png)
<use images/task_II/task_II-4.png>
Package pdftex.def Info: images/task_II/task_II-4.png  used on input line 745.
(pdftex.def)             Requested size: 682.54834pt x 682.54834pt.
 <./images/task_II/task_II-4.png> <a1,fr4>
<images/task_II/task_II-5.png, id=421, 682.55pt x 682.55pt>
File: images/task_II/task_II-5.png Graphic file (type png)
<use images/task_II/task_II-5.png>
Package pdftex.def Info: images/task_II/task_II-5.png  used on input line 745.
(pdftex.def)             Requested size: 682.54834pt x 682.54834pt.
 <./images/task_II/task_II-5.png> <a1,fr5>
<images/task_II/task_II-6.png, id=425, 682.55pt x 682.55pt>
File: images/task_II/task_II-6.png Graphic file (type png)
<use images/task_II/task_II-6.png>
Package pdftex.def Info: images/task_II/task_II-6.png  used on input line 745.
(pdftex.def)             Requested size: 682.54834pt x 682.54834pt.
 <./images/task_II/task_II-6.png> <a1,fr6>
<images/task_II/task_II-7.png, id=429, 682.55pt x 682.55pt>
File: images/task_II/task_II-7.png Graphic file (type png)
<use images/task_II/task_II-7.png>
Package pdftex.def Info: images/task_II/task_II-7.png  used on input line 745.
(pdftex.def)             Requested size: 682.54834pt x 682.54834pt.
 <./images/task_II/task_II-7.png> <a1,fr7>
<images/task_II/task_II-8.png, id=433, 682.55pt x 682.55pt>
File: images/task_II/task_II-8.png Graphic file (type png)
<use images/task_II/task_II-8.png>
Package pdftex.def Info: images/task_II/task_II-8.png  used on input line 745.
(pdftex.def)             Requested size: 682.54834pt x 682.54834pt.
 <./images/task_II/task_II-8.png> <a1,fr8>
<images/task_II/task_II-9.png, id=437, 682.55pt x 682.55pt>
File: images/task_II/task_II-9.png Graphic file (type png)
<use images/task_II/task_II-9.png>
Package pdftex.def Info: images/task_II/task_II-9.png  used on input line 745.
(pdftex.def)             Requested size: 682.54834pt x 682.54834pt.
 <./images/task_II/task_II-9.png> <a1,fr9>
<images/task_II/task_II-10.png, id=441, 682.55pt x 682.55pt>
File: images/task_II/task_II-10.png Graphic file (type png)
<use images/task_II/task_II-10.png>
Package pdftex.def Info: images/task_II/task_II-10.png  used on input line 745.
(pdftex.def)             Requested size: 682.54834pt x 682.54834pt.
 <./images/task_II/task_II-10.png> <a1,fr10>
<images/task_II/task_II-11.png, id=445, 682.55pt x 682.55pt>
File: images/task_II/task_II-11.png Graphic file (type png)
<use images/task_II/task_II-11.png>
Package pdftex.def Info: images/task_II/task_II-11.png  used on input line 745.
(pdftex.def)             Requested size: 682.54834pt x 682.54834pt.
 <./images/task_II/task_II-11.png> <a1,fr11>
<images/task_II/task_II-12.png, id=449, 682.55pt x 682.55pt>
File: images/task_II/task_II-12.png Graphic file (type png)
<use images/task_II/task_II-12.png>
Package pdftex.def Info: images/task_II/task_II-12.png  used on input line 745.
(pdftex.def)             Requested size: 682.54834pt x 682.54834pt.
 <./images/task_II/task_II-12.png> <a1,fr12> [38

]
<images/Task_III.png, id=490, 650.43pt x 433.62pt>
File: images/Task_III.png Graphic file (type png)
<use images/Task_III.png>
Package pdftex.def Info: images/Task_III.png  used on input line 767.
(pdftex.def)             Requested size: 199.1693pt x 132.7799pt.

pdfTeX warning (ext4): destination with the same identifier (name{fig:reward_plot}) has been already used, duplicate ignored
<to be read again> 
                   \relax 
l.767 \end{frame}
                 
pdfTeX warning (ext4): destination with the same identifier (name{sub@fig:reward_plot}) has been already used, duplicate ignored
<to be read again> 
                   \relax 
l.767 \end{frame}
                 
File: images/Reward_Machine_II_and_III.png Graphic file (type png)
<use images/Reward_Machine_II_and_III.png>
Package pdftex.def Info: images/Reward_Machine_II_and_III.png  used on input line 767.
(pdftex.def)             Requested size: 119.50279pt x 135.9568pt.

pdfTeX warning (ext4): destination with the same identifier (name{fig:reward_machine}) has been already used, duplicate ignored
<to be read again> 
                   \relax 
l.767 \end{frame}
                 
pdfTeX warning (ext4): destination with the same identifier (name{sub@fig:reward_machine}) has been already used, duplicate ignored
<to be read again> 
                   \relax 
l.767 \end{frame}
                 
Overfull \vbox (11.31425pt too high) detected at line 767
 []

[39

 <./images/Task_III.png>]
<images/task_III/task_III-0.png, id=498, 682.55pt x 682.55pt>
File: images/task_III/task_III-0.png Graphic file (type png)
<use images/task_III/task_III-0.png>
Package pdftex.def Info: images/task_III/task_III-0.png  used on input line 776.
(pdftex.def)             Requested size: 682.54834pt x 682.54834pt.
 <./images/task_III/task_III-0.png> <a2,fr0>
<images/task_III/task_III-1.png, id=502, 682.55pt x 682.55pt>
File: images/task_III/task_III-1.png Graphic file (type png)
<use images/task_III/task_III-1.png>
Package pdftex.def Info: images/task_III/task_III-1.png  used on input line 776.
(pdftex.def)             Requested size: 682.54834pt x 682.54834pt.
 <./images/task_III/task_III-1.png> <a2,fr1>
<images/task_III/task_III-2.png, id=506, 682.55pt x 682.55pt>
File: images/task_III/task_III-2.png Graphic file (type png)
<use images/task_III/task_III-2.png>
Package pdftex.def Info: images/task_III/task_III-2.png  used on input line 776.
(pdftex.def)             Requested size: 682.54834pt x 682.54834pt.
 <./images/task_III/task_III-2.png> <a2,fr2>
<images/task_III/task_III-3.png, id=510, 682.55pt x 682.55pt>
File: images/task_III/task_III-3.png Graphic file (type png)
<use images/task_III/task_III-3.png>
Package pdftex.def Info: images/task_III/task_III-3.png  used on input line 776.
(pdftex.def)             Requested size: 682.54834pt x 682.54834pt.
 <./images/task_III/task_III-3.png> <a2,fr3>
<images/task_III/task_III-4.png, id=514, 682.55pt x 682.55pt>
File: images/task_III/task_III-4.png Graphic file (type png)
<use images/task_III/task_III-4.png>
Package pdftex.def Info: images/task_III/task_III-4.png  used on input line 776.
(pdftex.def)             Requested size: 682.54834pt x 682.54834pt.
 <./images/task_III/task_III-4.png> <a2,fr4>
<images/task_III/task_III-5.png, id=518, 682.55pt x 682.55pt>
File: images/task_III/task_III-5.png Graphic file (type png)
<use images/task_III/task_III-5.png>
Package pdftex.def Info: images/task_III/task_III-5.png  used on input line 776.
(pdftex.def)             Requested size: 682.54834pt x 682.54834pt.
 <./images/task_III/task_III-5.png> <a2,fr5>
<images/task_III/task_III-6.png, id=522, 682.55pt x 682.55pt>
File: images/task_III/task_III-6.png Graphic file (type png)
<use images/task_III/task_III-6.png>
Package pdftex.def Info: images/task_III/task_III-6.png  used on input line 776.
(pdftex.def)             Requested size: 682.54834pt x 682.54834pt.
 <./images/task_III/task_III-6.png> <a2,fr6>
<images/task_III/task_III-7.png, id=526, 682.55pt x 682.55pt>
File: images/task_III/task_III-7.png Graphic file (type png)
<use images/task_III/task_III-7.png>
Package pdftex.def Info: images/task_III/task_III-7.png  used on input line 776.
(pdftex.def)             Requested size: 682.54834pt x 682.54834pt.
 <./images/task_III/task_III-7.png> <a2,fr7>
<images/task_III/task_III-8.png, id=530, 682.55pt x 682.55pt>
File: images/task_III/task_III-8.png Graphic file (type png)
<use images/task_III/task_III-8.png>
Package pdftex.def Info: images/task_III/task_III-8.png  used on input line 776.
(pdftex.def)             Requested size: 682.54834pt x 682.54834pt.
 <./images/task_III/task_III-8.png> <a2,fr8>
<images/task_III/task_III-9.png, id=534, 682.55pt x 682.55pt>
File: images/task_III/task_III-9.png Graphic file (type png)
<use images/task_III/task_III-9.png>
Package pdftex.def Info: images/task_III/task_III-9.png  used on input line 776.
(pdftex.def)             Requested size: 682.54834pt x 682.54834pt.
 <./images/task_III/task_III-9.png> <a2,fr9>
<images/task_III/task_III-10.png, id=538, 682.55pt x 682.55pt>
File: images/task_III/task_III-10.png Graphic file (type png)
<use images/task_III/task_III-10.png>
Package pdftex.def Info: images/task_III/task_III-10.png  used on input line 776.
(pdftex.def)             Requested size: 682.54834pt x 682.54834pt.
 <./images/task_III/task_III-10.png> <a2,fr10>
<images/task_III/task_III-11.png, id=542, 682.55pt x 682.55pt>
File: images/task_III/task_III-11.png Graphic file (type png)
<use images/task_III/task_III-11.png>
Package pdftex.def Info: images/task_III/task_III-11.png  used on input line 776.
(pdftex.def)             Requested size: 682.54834pt x 682.54834pt.
 <./images/task_III/task_III-11.png> <a2,fr11> [40

] [41

]
<images/easy_maze_1.png, id=588, 642.4803pt x 427.8384pt>
File: images/easy_maze_1.png Graphic file (type png)
<use images/easy_maze_1.png>
Package pdftex.def Info: images/easy_maze_1.png  used on input line 818.
(pdftex.def)             Requested size: 199.1693pt x 132.62852pt.

pdfTeX warning (ext4): destination with the same identifier (name{fig:reward_plot}) has been already used, duplicate ignored
<to be read again> 
                   \relax 
l.818 \end{frame}
                 
pdfTeX warning (ext4): destination with the same identifier (name{sub@fig:reward_plot}) has been already used, duplicate ignored
<to be read again> 
                   \relax 
l.818 \end{frame}
                 
Overfull \vbox (12.8054pt too high) detected at line 818
 []

[42

 <./images/easy_maze_1.png>]
<images/maze/maze-frame-0.png, id=597, 582.175pt x 431.6125pt>
File: images/maze/maze-frame-0.png Graphic file (type png)
<use images/maze/maze-frame-0.png>
Package pdftex.def Info: images/maze/maze-frame-0.png  used on input line 827.
(pdftex.def)             Requested size: 582.17358pt x 431.61143pt.
 <./images/maze/maze-frame-0.png> <a3,fr0>
<images/maze/maze-frame-1.png, id=601, 582.175pt x 431.6125pt>
File: images/maze/maze-frame-1.png Graphic file (type png)
<use images/maze/maze-frame-1.png>
Package pdftex.def Info: images/maze/maze-frame-1.png  used on input line 827.
(pdftex.def)             Requested size: 582.17358pt x 431.61143pt.
 <./images/maze/maze-frame-1.png> <a3,fr1>
<images/maze/maze-frame-2.png, id=605, 582.175pt x 431.6125pt>
File: images/maze/maze-frame-2.png Graphic file (type png)
<use images/maze/maze-frame-2.png>
Package pdftex.def Info: images/maze/maze-frame-2.png  used on input line 827.
(pdftex.def)             Requested size: 582.17358pt x 431.61143pt.
 <./images/maze/maze-frame-2.png> <a3,fr2>
<images/maze/maze-frame-3.png, id=609, 582.175pt x 431.6125pt>
File: images/maze/maze-frame-3.png Graphic file (type png)
<use images/maze/maze-frame-3.png>
Package pdftex.def Info: images/maze/maze-frame-3.png  used on input line 827.
(pdftex.def)             Requested size: 582.17358pt x 431.61143pt.
 <./images/maze/maze-frame-3.png> <a3,fr3>
<images/maze/maze-frame-4.png, id=613, 582.175pt x 431.6125pt>
File: images/maze/maze-frame-4.png Graphic file (type png)
<use images/maze/maze-frame-4.png>
Package pdftex.def Info: images/maze/maze-frame-4.png  used on input line 827.
(pdftex.def)             Requested size: 582.17358pt x 431.61143pt.
 <./images/maze/maze-frame-4.png> <a3,fr4>
<images/maze/maze-frame-5.png, id=617, 582.175pt x 431.6125pt>
File: images/maze/maze-frame-5.png Graphic file (type png)
<use images/maze/maze-frame-5.png>
Package pdftex.def Info: images/maze/maze-frame-5.png  used on input line 827.
(pdftex.def)             Requested size: 582.17358pt x 431.61143pt.
 <./images/maze/maze-frame-5.png> <a3,fr5>
<images/maze/maze-frame-6.png, id=621, 582.175pt x 431.6125pt>
File: images/maze/maze-frame-6.png Graphic file (type png)
<use images/maze/maze-frame-6.png>
Package pdftex.def Info: images/maze/maze-frame-6.png  used on input line 827.
(pdftex.def)             Requested size: 582.17358pt x 431.61143pt.
 <./images/maze/maze-frame-6.png> <a3,fr6>
<images/maze/maze-frame-7.png, id=625, 582.175pt x 431.6125pt>
File: images/maze/maze-frame-7.png Graphic file (type png)
<use images/maze/maze-frame-7.png>
Package pdftex.def Info: images/maze/maze-frame-7.png  used on input line 827.
(pdftex.def)             Requested size: 582.17358pt x 431.61143pt.
 <./images/maze/maze-frame-7.png> <a3,fr7>
<images/maze/maze-frame-8.png, id=629, 582.175pt x 431.6125pt>
File: images/maze/maze-frame-8.png Graphic file (type png)
<use images/maze/maze-frame-8.png>
Package pdftex.def Info: images/maze/maze-frame-8.png  used on input line 827.
(pdftex.def)             Requested size: 582.17358pt x 431.61143pt.
 <./images/maze/maze-frame-8.png> <a3,fr8>
<images/maze/maze-frame-9.png, id=633, 582.175pt x 431.6125pt>
File: images/maze/maze-frame-9.png Graphic file (type png)
<use images/maze/maze-frame-9.png>
Package pdftex.def Info: images/maze/maze-frame-9.png  used on input line 827.
(pdftex.def)             Requested size: 582.17358pt x 431.61143pt.
 <./images/maze/maze-frame-9.png> <a3,fr9>
<images/maze/maze-frame-10.png, id=637, 582.175pt x 431.6125pt>
File: images/maze/maze-frame-10.png Graphic file (type png)
<use images/maze/maze-frame-10.png>
Package pdftex.def Info: images/maze/maze-frame-10.png  used on input line 827.
(pdftex.def)             Requested size: 582.17358pt x 431.61143pt.
 <./images/maze/maze-frame-10.png> <a3,fr10>
<images/maze/maze-frame-11.png, id=641, 582.175pt x 431.6125pt>
File: images/maze/maze-frame-11.png Graphic file (type png)
<use images/maze/maze-frame-11.png>
Package pdftex.def Info: images/maze/maze-frame-11.png  used on input line 827.
(pdftex.def)             Requested size: 582.17358pt x 431.61143pt.
 <./images/maze/maze-frame-11.png> <a3,fr11>
<images/maze/maze-frame-12.png, id=645, 582.175pt x 431.6125pt>
File: images/maze/maze-frame-12.png Graphic file (type png)
<use images/maze/maze-frame-12.png>
Package pdftex.def Info: images/maze/maze-frame-12.png  used on input line 827.
(pdftex.def)             Requested size: 582.17358pt x 431.61143pt.
 <./images/maze/maze-frame-12.png> <a3,fr12>
<images/maze/maze-frame-13.png, id=649, 582.175pt x 431.6125pt>
File: images/maze/maze-frame-13.png Graphic file (type png)
<use images/maze/maze-frame-13.png>
Package pdftex.def Info: images/maze/maze-frame-13.png  used on input line 827.
(pdftex.def)             Requested size: 582.17358pt x 431.61143pt.
 <./images/maze/maze-frame-13.png> <a3,fr13>
<images/maze/maze-frame-14.png, id=653, 582.175pt x 431.6125pt>
File: images/maze/maze-frame-14.png Graphic file (type png)
<use images/maze/maze-frame-14.png>
Package pdftex.def Info: images/maze/maze-frame-14.png  used on input line 827.
(pdftex.def)             Requested size: 582.17358pt x 431.61143pt.
 <./images/maze/maze-frame-14.png> <a3,fr14>
<images/maze/maze-frame-15.png, id=657, 582.175pt x 431.6125pt>
File: images/maze/maze-frame-15.png Graphic file (type png)
<use images/maze/maze-frame-15.png>
Package pdftex.def Info: images/maze/maze-frame-15.png  used on input line 827.
(pdftex.def)             Requested size: 582.17358pt x 431.61143pt.
 <./images/maze/maze-frame-15.png> <a3,fr15>
<images/maze/maze-frame-16.png, id=661, 582.175pt x 431.6125pt>
File: images/maze/maze-frame-16.png Graphic file (type png)
<use images/maze/maze-frame-16.png>
Package pdftex.def Info: images/maze/maze-frame-16.png  used on input line 827.
(pdftex.def)             Requested size: 582.17358pt x 431.61143pt.
 <./images/maze/maze-frame-16.png> <a3,fr16>
<images/maze/maze-frame-17.png, id=665, 582.175pt x 431.6125pt>
File: images/maze/maze-frame-17.png Graphic file (type png)
<use images/maze/maze-frame-17.png>
Package pdftex.def Info: images/maze/maze-frame-17.png  used on input line 827.
(pdftex.def)             Requested size: 582.17358pt x 431.61143pt.
 <./images/maze/maze-frame-17.png> <a3,fr17>
<images/maze/maze-frame-18.png, id=669, 582.175pt x 431.6125pt>
File: images/maze/maze-frame-18.png Graphic file (type png)
<use images/maze/maze-frame-18.png>
Package pdftex.def Info: images/maze/maze-frame-18.png  used on input line 827.
(pdftex.def)             Requested size: 582.17358pt x 431.61143pt.
 <./images/maze/maze-frame-18.png> <a3,fr18>
<images/maze/maze-frame-19.png, id=673, 582.175pt x 431.6125pt>
File: images/maze/maze-frame-19.png Graphic file (type png)
<use images/maze/maze-frame-19.png>
Package pdftex.def Info: images/maze/maze-frame-19.png  used on input line 827.
(pdftex.def)             Requested size: 582.17358pt x 431.61143pt.
 <./images/maze/maze-frame-19.png> <a3,fr19>
<images/maze/maze-frame-20.png, id=677, 582.175pt x 431.6125pt>
File: images/maze/maze-frame-20.png Graphic file (type png)
<use images/maze/maze-frame-20.png>
Package pdftex.def Info: images/maze/maze-frame-20.png  used on input line 827.
(pdftex.def)             Requested size: 582.17358pt x 431.61143pt.
 <./images/maze/maze-frame-20.png> <a3,fr20>
<images/maze/maze-frame-21.png, id=681, 582.175pt x 431.6125pt>
File: images/maze/maze-frame-21.png Graphic file (type png)
<use images/maze/maze-frame-21.png>
Package pdftex.def Info: images/maze/maze-frame-21.png  used on input line 827.
(pdftex.def)             Requested size: 582.17358pt x 431.61143pt.
 <./images/maze/maze-frame-21.png> <a3,fr21>
Overfull \vbox (22.47165pt too high) detected at line 827
 []

[43

]
<images/maze_II.png, id=732, 642.4803pt x 426.393pt>
File: images/maze_II.png Graphic file (type png)
<use images/maze_II.png>
Package pdftex.def Info: images/maze_II.png  used on input line 867.
(pdftex.def)             Requested size: 199.1693pt x 132.18045pt.

pdfTeX warning (ext4): destination with the same identifier (name{fig:reward_plot}) has been already used, duplicate ignored
<to be read again> 
                   \relax 
l.867 \end{frame}
                 
pdfTeX warning (ext4): destination with the same identifier (name{sub@fig:reward_plot}) has been already used, duplicate ignored
<to be read again> 
                   \relax 
l.867 \end{frame}
                 
Overfull \vbox (12.35733pt too high) detected at line 867
 []

[44

 <./images/maze_II.png>]
<images/maze_II/maze_II-0.png, id=740, 481.8pt x 531.9875pt>
File: images/maze_II/maze_II-0.png Graphic file (type png)
<use images/maze_II/maze_II-0.png>
Package pdftex.def Info: images/maze_II/maze_II-0.png  used on input line 876.
(pdftex.def)             Requested size: 481.79881pt x 531.9862pt.
 <./images/maze_II/maze_II-0.png> <a4,fr0>
<images/maze_II/maze_II-1.png, id=744, 481.8pt x 531.9875pt>
File: images/maze_II/maze_II-1.png Graphic file (type png)
<use images/maze_II/maze_II-1.png>
Package pdftex.def Info: images/maze_II/maze_II-1.png  used on input line 876.
(pdftex.def)             Requested size: 481.79881pt x 531.9862pt.
 <./images/maze_II/maze_II-1.png> <a4,fr1>
<images/maze_II/maze_II-2.png, id=748, 481.8pt x 531.9875pt>
File: images/maze_II/maze_II-2.png Graphic file (type png)
<use images/maze_II/maze_II-2.png>
Package pdftex.def Info: images/maze_II/maze_II-2.png  used on input line 876.
(pdftex.def)             Requested size: 481.79881pt x 531.9862pt.
 <./images/maze_II/maze_II-2.png> <a4,fr2>
<images/maze_II/maze_II-3.png, id=752, 481.8pt x 531.9875pt>
File: images/maze_II/maze_II-3.png Graphic file (type png)
<use images/maze_II/maze_II-3.png>
Package pdftex.def Info: images/maze_II/maze_II-3.png  used on input line 876.
(pdftex.def)             Requested size: 481.79881pt x 531.9862pt.
 <./images/maze_II/maze_II-3.png> <a4,fr3>
<images/maze_II/maze_II-4.png, id=756, 481.8pt x 531.9875pt>
File: images/maze_II/maze_II-4.png Graphic file (type png)
<use images/maze_II/maze_II-4.png>
Package pdftex.def Info: images/maze_II/maze_II-4.png  used on input line 876.
(pdftex.def)             Requested size: 481.79881pt x 531.9862pt.
 <./images/maze_II/maze_II-4.png> <a4,fr4>
<images/maze_II/maze_II-5.png, id=760, 481.8pt x 531.9875pt>
File: images/maze_II/maze_II-5.png Graphic file (type png)
<use images/maze_II/maze_II-5.png>
Package pdftex.def Info: images/maze_II/maze_II-5.png  used on input line 876.
(pdftex.def)             Requested size: 481.79881pt x 531.9862pt.
 <./images/maze_II/maze_II-5.png> <a4,fr5>
<images/maze_II/maze_II-6.png, id=764, 481.8pt x 531.9875pt>
File: images/maze_II/maze_II-6.png Graphic file (type png)
<use images/maze_II/maze_II-6.png>
Package pdftex.def Info: images/maze_II/maze_II-6.png  used on input line 876.
(pdftex.def)             Requested size: 481.79881pt x 531.9862pt.
 <./images/maze_II/maze_II-6.png> <a4,fr6>
<images/maze_II/maze_II-7.png, id=768, 481.8pt x 531.9875pt>
File: images/maze_II/maze_II-7.png Graphic file (type png)
<use images/maze_II/maze_II-7.png>
Package pdftex.def Info: images/maze_II/maze_II-7.png  used on input line 876.
(pdftex.def)             Requested size: 481.79881pt x 531.9862pt.
 <./images/maze_II/maze_II-7.png> <a4,fr7>
<images/maze_II/maze_II-8.png, id=772, 481.8pt x 531.9875pt>
File: images/maze_II/maze_II-8.png Graphic file (type png)
<use images/maze_II/maze_II-8.png>
Package pdftex.def Info: images/maze_II/maze_II-8.png  used on input line 876.
(pdftex.def)             Requested size: 481.79881pt x 531.9862pt.
 <./images/maze_II/maze_II-8.png> <a4,fr8>
<images/maze_II/maze_II-9.png, id=776, 481.8pt x 531.9875pt>
File: images/maze_II/maze_II-9.png Graphic file (type png)
<use images/maze_II/maze_II-9.png>
Package pdftex.def Info: images/maze_II/maze_II-9.png  used on input line 876.
(pdftex.def)             Requested size: 481.79881pt x 531.9862pt.
 <./images/maze_II/maze_II-9.png> <a4,fr9>
<images/maze_II/maze_II-10.png, id=780, 481.8pt x 531.9875pt>
File: images/maze_II/maze_II-10.png Graphic file (type png)
<use images/maze_II/maze_II-10.png>
Package pdftex.def Info: images/maze_II/maze_II-10.png  used on input line 876.
(pdftex.def)             Requested size: 481.79881pt x 531.9862pt.
 <./images/maze_II/maze_II-10.png> <a4,fr10>
<images/maze_II/maze_II-11.png, id=784, 481.8pt x 531.9875pt>
File: images/maze_II/maze_II-11.png Graphic file (type png)
<use images/maze_II/maze_II-11.png>
Package pdftex.def Info: images/maze_II/maze_II-11.png  used on input line 876.
(pdftex.def)             Requested size: 481.79881pt x 531.9862pt.
 <./images/maze_II/maze_II-11.png> <a4,fr11>
<images/maze_II/maze_II-12.png, id=788, 481.8pt x 531.9875pt>
File: images/maze_II/maze_II-12.png Graphic file (type png)
<use images/maze_II/maze_II-12.png>
Package pdftex.def Info: images/maze_II/maze_II-12.png  used on input line 876.
(pdftex.def)             Requested size: 481.79881pt x 531.9862pt.
 <./images/maze_II/maze_II-12.png> <a4,fr12>
<images/maze_II/maze_II-13.png, id=792, 481.8pt x 531.9875pt>
File: images/maze_II/maze_II-13.png Graphic file (type png)
<use images/maze_II/maze_II-13.png>
Package pdftex.def Info: images/maze_II/maze_II-13.png  used on input line 876.
(pdftex.def)             Requested size: 481.79881pt x 531.9862pt.
 <./images/maze_II/maze_II-13.png> <a4,fr13>
<images/maze_II/maze_II-14.png, id=796, 481.8pt x 531.9875pt>
File: images/maze_II/maze_II-14.png Graphic file (type png)
<use images/maze_II/maze_II-14.png>
Package pdftex.def Info: images/maze_II/maze_II-14.png  used on input line 876.
(pdftex.def)             Requested size: 481.79881pt x 531.9862pt.
 <./images/maze_II/maze_II-14.png> <a4,fr14>
<images/maze_II/maze_II-15.png, id=800, 481.8pt x 531.9875pt>
File: images/maze_II/maze_II-15.png Graphic file (type png)
<use images/maze_II/maze_II-15.png>
Package pdftex.def Info: images/maze_II/maze_II-15.png  used on input line 876.
(pdftex.def)             Requested size: 481.79881pt x 531.9862pt.
 <./images/maze_II/maze_II-15.png> <a4,fr15>
<images/maze_II/maze_II-16.png, id=804, 481.8pt x 531.9875pt>
File: images/maze_II/maze_II-16.png Graphic file (type png)
<use images/maze_II/maze_II-16.png>
Package pdftex.def Info: images/maze_II/maze_II-16.png  used on input line 876.
(pdftex.def)             Requested size: 481.79881pt x 531.9862pt.
 <./images/maze_II/maze_II-16.png> <a4,fr16>
<images/maze_II/maze_II-17.png, id=808, 481.8pt x 531.9875pt>
File: images/maze_II/maze_II-17.png Graphic file (type png)
<use images/maze_II/maze_II-17.png>
Package pdftex.def Info: images/maze_II/maze_II-17.png  used on input line 876.
(pdftex.def)             Requested size: 481.79881pt x 531.9862pt.
 <./images/maze_II/maze_II-17.png> <a4,fr17>
<images/maze_II/maze_II-18.png, id=812, 481.8pt x 531.9875pt>
File: images/maze_II/maze_II-18.png Graphic file (type png)
<use images/maze_II/maze_II-18.png>
Package pdftex.def Info: images/maze_II/maze_II-18.png  used on input line 876.
(pdftex.def)             Requested size: 481.79881pt x 531.9862pt.
 <./images/maze_II/maze_II-18.png> <a4,fr18>
<images/maze_II/maze_II-19.png, id=816, 481.8pt x 531.9875pt>
File: images/maze_II/maze_II-19.png Graphic file (type png)
<use images/maze_II/maze_II-19.png>
Package pdftex.def Info: images/maze_II/maze_II-19.png  used on input line 876.
(pdftex.def)             Requested size: 481.79881pt x 531.9862pt.
 <./images/maze_II/maze_II-19.png> <a4,fr19>
<images/maze_II/maze_II-20.png, id=820, 481.8pt x 531.9875pt>
File: images/maze_II/maze_II-20.png Graphic file (type png)
<use images/maze_II/maze_II-20.png>
Package pdftex.def Info: images/maze_II/maze_II-20.png  used on input line 876.
(pdftex.def)             Requested size: 481.79881pt x 531.9862pt.
 <./images/maze_II/maze_II-20.png> <a4,fr20>
<images/maze_II/maze_II-21.png, id=824, 481.8pt x 531.9875pt>
File: images/maze_II/maze_II-21.png Graphic file (type png)
<use images/maze_II/maze_II-21.png>
Package pdftex.def Info: images/maze_II/maze_II-21.png  used on input line 876.
(pdftex.def)             Requested size: 481.79881pt x 531.9862pt.
 <./images/maze_II/maze_II-21.png> <a4,fr21>
<images/maze_II/maze_II-22.png, id=828, 481.8pt x 531.9875pt>
File: images/maze_II/maze_II-22.png Graphic file (type png)
<use images/maze_II/maze_II-22.png>
Package pdftex.def Info: images/maze_II/maze_II-22.png  used on input line 876.
(pdftex.def)             Requested size: 481.79881pt x 531.9862pt.
 <./images/maze_II/maze_II-22.png> <a4,fr22>
<images/maze_II/maze_II-23.png, id=832, 481.8pt x 531.9875pt>
File: images/maze_II/maze_II-23.png Graphic file (type png)
<use images/maze_II/maze_II-23.png>
Package pdftex.def Info: images/maze_II/maze_II-23.png  used on input line 876.
(pdftex.def)             Requested size: 481.79881pt x 531.9862pt.
 <./images/maze_II/maze_II-23.png> <a4,fr23>
<images/maze_II/maze_II-24.png, id=836, 481.8pt x 531.9875pt>
File: images/maze_II/maze_II-24.png Graphic file (type png)
<use images/maze_II/maze_II-24.png>
Package pdftex.def Info: images/maze_II/maze_II-24.png  used on input line 876.
(pdftex.def)             Requested size: 481.79881pt x 531.9862pt.
 <./images/maze_II/maze_II-24.png> <a4,fr24>
<images/maze_II/maze_II-25.png, id=840, 481.8pt x 531.9875pt>
File: images/maze_II/maze_II-25.png Graphic file (type png)
<use images/maze_II/maze_II-25.png>
Package pdftex.def Info: images/maze_II/maze_II-25.png  used on input line 876.
(pdftex.def)             Requested size: 481.79881pt x 531.9862pt.
 <./images/maze_II/maze_II-25.png> <a4,fr25>
<images/maze_II/maze_II-26.png, id=844, 481.8pt x 531.9875pt>
File: images/maze_II/maze_II-26.png Graphic file (type png)
<use images/maze_II/maze_II-26.png>
Package pdftex.def Info: images/maze_II/maze_II-26.png  used on input line 876.
(pdftex.def)             Requested size: 481.79881pt x 531.9862pt.
 <./images/maze_II/maze_II-26.png> <a4,fr26>
<images/maze_II/maze_II-27.png, id=848, 481.8pt x 531.9875pt>
File: images/maze_II/maze_II-27.png Graphic file (type png)
<use images/maze_II/maze_II-27.png>
Package pdftex.def Info: images/maze_II/maze_II-27.png  used on input line 876.
(pdftex.def)             Requested size: 481.79881pt x 531.9862pt.
 <./images/maze_II/maze_II-27.png> <a4,fr27>
<images/maze_II/maze_II-28.png, id=852, 481.8pt x 531.9875pt>
File: images/maze_II/maze_II-28.png Graphic file (type png)
<use images/maze_II/maze_II-28.png>
Package pdftex.def Info: images/maze_II/maze_II-28.png  used on input line 876.
(pdftex.def)             Requested size: 481.79881pt x 531.9862pt.
 <./images/maze_II/maze_II-28.png> <a4,fr28>
<images/maze_II/maze_II-29.png, id=856, 481.8pt x 531.9875pt>
File: images/maze_II/maze_II-29.png Graphic file (type png)
<use images/maze_II/maze_II-29.png>
Package pdftex.def Info: images/maze_II/maze_II-29.png  used on input line 876.
(pdftex.def)             Requested size: 481.79881pt x 531.9862pt.
 <./images/maze_II/maze_II-29.png> <a4,fr29>
<images/maze_II/maze_II-30.png, id=860, 481.8pt x 531.9875pt>
File: images/maze_II/maze_II-30.png Graphic file (type png)
<use images/maze_II/maze_II-30.png>
Package pdftex.def Info: images/maze_II/maze_II-30.png  used on input line 876.
(pdftex.def)             Requested size: 481.79881pt x 531.9862pt.
 <./images/maze_II/maze_II-30.png> <a4,fr30>
<images/maze_II/maze_II-31.png, id=864, 481.8pt x 531.9875pt>
File: images/maze_II/maze_II-31.png Graphic file (type png)
<use images/maze_II/maze_II-31.png>
Package pdftex.def Info: images/maze_II/maze_II-31.png  used on input line 876.
(pdftex.def)             Requested size: 481.79881pt x 531.9862pt.
 <./images/maze_II/maze_II-31.png> <a4,fr31>
<images/maze_II/maze_II-32.png, id=868, 481.8pt x 531.9875pt>
File: images/maze_II/maze_II-32.png Graphic file (type png)
<use images/maze_II/maze_II-32.png>
Package pdftex.def Info: images/maze_II/maze_II-32.png  used on input line 876.
(pdftex.def)             Requested size: 481.79881pt x 531.9862pt.
 <./images/maze_II/maze_II-32.png> <a4,fr32>
<images/maze_II/maze_II-33.png, id=872, 481.8pt x 531.9875pt>
File: images/maze_II/maze_II-33.png Graphic file (type png)
<use images/maze_II/maze_II-33.png>
Package pdftex.def Info: images/maze_II/maze_II-33.png  used on input line 876.
(pdftex.def)             Requested size: 481.79881pt x 531.9862pt.
 <./images/maze_II/maze_II-33.png> <a4,fr33>
<images/maze_II/maze_II-34.png, id=876, 481.8pt x 531.9875pt>
File: images/maze_II/maze_II-34.png Graphic file (type png)
<use images/maze_II/maze_II-34.png>
Package pdftex.def Info: images/maze_II/maze_II-34.png  used on input line 876.
(pdftex.def)             Requested size: 481.79881pt x 531.9862pt.
 <./images/maze_II/maze_II-34.png> <a4,fr34>
<images/maze_II/maze_II-35.png, id=880, 481.8pt x 531.9875pt>
File: images/maze_II/maze_II-35.png Graphic file (type png)
<use images/maze_II/maze_II-35.png>
Package pdftex.def Info: images/maze_II/maze_II-35.png  used on input line 876.
(pdftex.def)             Requested size: 481.79881pt x 531.9862pt.
 <./images/maze_II/maze_II-35.png> <a4,fr35>
<images/maze_II/maze_II-36.png, id=884, 481.8pt x 531.9875pt>
File: images/maze_II/maze_II-36.png Graphic file (type png)
<use images/maze_II/maze_II-36.png>
Package pdftex.def Info: images/maze_II/maze_II-36.png  used on input line 876.
(pdftex.def)             Requested size: 481.79881pt x 531.9862pt.
 <./images/maze_II/maze_II-36.png> <a4,fr36>
<images/maze_II/maze_II-37.png, id=888, 481.8pt x 531.9875pt>
File: images/maze_II/maze_II-37.png Graphic file (type png)
<use images/maze_II/maze_II-37.png>
Package pdftex.def Info: images/maze_II/maze_II-37.png  used on input line 876.
(pdftex.def)             Requested size: 481.79881pt x 531.9862pt.
 <./images/maze_II/maze_II-37.png> <a4,fr37>
<images/maze_II/maze_II-38.png, id=892, 481.8pt x 531.9875pt>
File: images/maze_II/maze_II-38.png Graphic file (type png)
<use images/maze_II/maze_II-38.png>
Package pdftex.def Info: images/maze_II/maze_II-38.png  used on input line 876.
(pdftex.def)             Requested size: 481.79881pt x 531.9862pt.
 <./images/maze_II/maze_II-38.png> <a4,fr38>
<images/maze_II/maze_II-39.png, id=896, 481.8pt x 531.9875pt>
File: images/maze_II/maze_II-39.png Graphic file (type png)
<use images/maze_II/maze_II-39.png>
Package pdftex.def Info: images/maze_II/maze_II-39.png  used on input line 876.
(pdftex.def)             Requested size: 481.79881pt x 531.9862pt.
 <./images/maze_II/maze_II-39.png> <a4,fr39>
Overfull \vbox (13.66788pt too high) detected at line 876
 []

[45

] [46

] [47

] [48

] (./QSG-RM.bbl) [49

]
\tf@nav=\write6
\openout6 = `QSG-RM.nav'.

\tf@toc=\write7
\openout7 = `QSG-RM.toc'.

\tf@snm=\write8
\openout8 = `QSG-RM.snm'.

 (./QSG-RM.aux)
 ***********
LaTeX2e <2025-11-01>
L3 programming layer <2026-01-19>
 ***********


LaTeX Warning: There were multiply-defined labels.

Package rerunfilecheck Info: File `QSG-RM.out' has not changed.
(rerunfilecheck)             Checksum: A9BD60E53150D3FAE0FD2F8A7432D5BA;1324.
 ) 
Here is how much of TeX's memory you used:
 31531 strings out of 467525
 665651 string characters out of 5418982
 1026068 words of memory out of 5000000
 59733 multiletter control sequences out of 15000+600000
 643471 words of font info for 97 fonts, out of 8000000 for 9000
 1141 hyphenation exceptions out of 8191
 128i,15n,123p,1954b,2259s stack positions out of 10000i,1000n,20000p,200000b,200000s
</usr/local/texlive/2026/texmf-dist/fonts/type1/public/amsfonts/cm/cmex10.pfb></usr/local/texlive/2026/texmf-dist/fonts/type1/public/amsfonts/cm/cmmi10.pfb></usr/local/texlive/2026/texmf-dist/fonts/type1/public/amsfonts/cm/cmmi7.pfb></usr/local/texlive/2026/texmf-dist/fonts/type1/public/amsfonts/cm/cmss10.pfb></usr/local/texlive/2026/texmf-dist/fonts/type1/public/amsfonts/cm/cmss8.pfb></usr/local/texlive/2026/texmf-dist/fonts/type1/public/amsfonts/cm/cmss9.pfb></usr/local/texlive/2026/texmf-dist/fonts/type1/public/amsfonts/cm/cmssbx10.pfb></usr/local/texlive/2026/texmf-dist/fonts/type1/public/amsfonts/cm/cmssi10.pfb></usr/local/texlive/2026/texmf-dist/fonts/type1/public/amsfonts/cm/cmssi8.pfb></usr/local/texlive/2026/texmf-dist/fonts/type1/public/amsfonts/cm/cmssi9.pfb></usr/local/texlive/2026/texmf-dist/fonts/type1/public/amsfonts/cm/cmsy10.pfb></usr/local/texlive/2026/texmf-dist/fonts/type1/public/amsfonts/cm/cmsy5.pfb></usr/local/texlive/2026/texmf-dist/fonts/type1/public/amsfonts/cm/cmsy7.pfb></usr/local/texlive/2026/texmf-dist/fonts/type1/public/amsfonts/cm/cmtt8.pfb></usr/local/texlive/2026/texmf-dist/fonts/type1/public/amsfonts/cm/cmtt9.pfb></usr/local/texlive/2026/texmf-dist/fonts/type1/public/amsfonts/euler/eufm10.pfb></usr/local/texlive/2026/texmf-dist/fonts/type1/public/amsfonts/euler/eufm5.pfb></usr/local/texlive/2026/texmf-dist/fonts/type1/public/amsfonts/euler/eufm7.pfb></usr/local/texlive/2026/texmf-dist/fonts/type1/public/amsfonts/symbols/msbm10.pfb></usr/local/texlive/2026/texmf-dist/fonts/type1/public/cm-super/sfss0900.pfb></usr/local/texlive/2026/texmf-dist/fonts/type1/public/cm-super/sfss1000.pfb>
Output written on QSG-RM.pdf (49 pages, 1102148 bytes).
PDF statistics:
 1114 PDF objects out of 1200 (max. 8388607)
 678 compressed objects within 7 object streams
 114 named destinations out of 1000 (max. 500000)
 1310 words of extra memory for PDF output out of 10000 (max. 10000000)

